Component: ARM Compiler 5.06 update 1 (build 61) Tool: armlink [4d35a8]

==============================================================================

Section Cross References

    startup_stm32f10x_hd.o(RESET) refers to startup_stm32f10x_hd.o(STACK) for __initial_sp
    startup_stm32f10x_hd.o(RESET) refers to startup_stm32f10x_hd.o(.text) for Reset_Handler
    startup_stm32f10x_hd.o(RESET) refers to stm32f10x_it.o(i.NMI_Handler) for NMI_Handler
    startup_stm32f10x_hd.o(RESET) refers to stm32f10x_it.o(i.HardFault_Handler) for HardFault_Handler
    startup_stm32f10x_hd.o(RESET) refers to stm32f10x_it.o(i.MemManage_Handler) for MemManage_Handler
    startup_stm32f10x_hd.o(RESET) refers to stm32f10x_it.o(i.BusFault_Handler) for BusFault_Handler
    startup_stm32f10x_hd.o(RESET) refers to stm32f10x_it.o(i.UsageFault_Handler) for UsageFault_Handler
    startup_stm32f10x_hd.o(RESET) refers to stm32f10x_it.o(i.SVC_Handler) for SVC_Handler
    startup_stm32f10x_hd.o(RESET) refers to stm32f10x_it.o(i.DebugMon_Handler) for DebugMon_Handler
    startup_stm32f10x_hd.o(RESET) refers to stm32f10x_it.o(i.PendSV_Handler) for PendSV_Handler
    startup_stm32f10x_hd.o(RESET) refers to stm32f10x_it.o(i.SysTick_Handler) for SysTick_Handler
    startup_stm32f10x_hd.o(RESET) refers to stm32f10x_it.o(i.WWDG_IRQHandler) for WWDG_IRQHandler
    startup_stm32f10x_hd.o(RESET) refers to stm32f10x_it.o(i.EXTI9_5_IRQHandler) for EXTI9_5_IRQHandler
    startup_stm32f10x_hd.o(RESET) refers to stm32f10x_it.o(i.USART1_IRQHandler) for USART1_IRQHandler
    startup_stm32f10x_hd.o(RESET) refers to stm32f10x_it.o(i.USART2_IRQHandler) for USART2_IRQHandler
    startup_stm32f10x_hd.o(.text) refers to system_stm32f10x.o(i.SystemInit) for SystemInit
    startup_stm32f10x_hd.o(.text) refers to entry.o(.ARM.Collect$$$$00000000) for __main
    system_stm32f10x.o(i.SetSysClock) refers to system_stm32f10x.o(i.SetSysClockTo72) for SetSysClockTo72
    system_stm32f10x.o(i.SystemCoreClockUpdate) refers to system_stm32f10x.o(.data) for SystemCoreClock
    system_stm32f10x.o(i.SystemInit) refers to system_stm32f10x.o(i.SetSysClock) for SetSysClock
    bsp_usart.o(i.USART_Config) refers to stm32f10x_rcc.o(i.RCC_APB2PeriphClockCmd) for RCC_APB2PeriphClockCmd
    bsp_usart.o(i.USART_Config) refers to stm32f10x_rcc.o(i.RCC_APB1PeriphClockCmd) for RCC_APB1PeriphClockCmd
    bsp_usart.o(i.USART_Config) refers to stm32f10x_gpio.o(i.GPIO_Init) for GPIO_Init
    bsp_usart.o(i.USART_Config) refers to stm32f10x_usart.o(i.USART_Init) for USART_Init
    bsp_usart.o(i.USART_Config) refers to stm32f10x_usart.o(i.USART_Cmd) for USART_Cmd
    bsp_usart.o(i.fgetc) refers to stm32f10x_usart.o(i.USART_GetFlagStatus) for USART_GetFlagStatus
    bsp_usart.o(i.fgetc) refers to stm32f10x_usart.o(i.USART_ReceiveData) for USART_ReceiveData
    bsp_usart.o(i.fputc) refers to stm32f10x_usart.o(i.USART_SendData) for USART_SendData
    bsp_usart.o(i.fputc) refers to stm32f10x_usart.o(i.USART_GetFlagStatus) for USART_GetFlagStatus
    main.o(i.CurrentMonitoringMethod) refers to dflti.o(.text) for __aeabi_i2d
    main.o(i.CurrentMonitoringMethod) refers to dmul.o(.text) for __aeabi_dmul
    main.o(i.CurrentMonitoringMethod) refers to dfltui.o(.text) for __aeabi_ui2d
    main.o(i.CurrentMonitoringMethod) refers to cdrcmple.o(.text) for __aeabi_cdrcmple
    main.o(i.CurrentMonitoringMethod) refers to main.o(.data) for timed_task
    main.o(i.DelayMs) refers to main.o(i.DelayUs) for DelayUs
    main.o(i.DisplayProcessing) refers to stm32f10x_gpio.o(i.GPIO_SetBits) for GPIO_SetBits
    main.o(i.DisplayProcessing) refers to stm32f10x_gpio.o(i.GPIO_ResetBits) for GPIO_ResetBits
    main.o(i.ExceptionHanding) refers to main.o(i.SetAcContactor) for SetAcContactor
    main.o(i.ExceptionHanding) refers to main.o(i.PwmCtrl) for PwmCtrl
    main.o(i.GetCpStatus) refers to stm32f10x_gpio.o(i.GPIO_ReadInputDataBit) for GPIO_ReadInputDataBit
    main.o(i.GetCpStatusFiltering) refers to stm32f10x_gpio.o(i.GPIO_ReadInputDataBit) for GPIO_ReadInputDataBit
    main.o(i.GetCpStatusFiltering) refers to main.o(i.DelayUs) for DelayUs
    main.o(i.GetCurrentValue) refers to elec_meter.o(i.MeterRead) for MeterRead
    main.o(i.GetCurrentValue) refers to f2d.o(.text) for __aeabi_f2d
    main.o(i.GetCurrentValue) refers to dfltui.o(.text) for __aeabi_ui2d
    main.o(i.GetCurrentValue) refers to dmul.o(.text) for __aeabi_dmul
    main.o(i.GetCurrentValue) refers to dfixui.o(.text) for __aeabi_d2uiz
    main.o(i.GetFreqStatus) refers to fflti.o(.text) for __aeabi_i2f
    main.o(i.GetFreqStatus) refers to cfcmple.o(.text) for __aeabi_cfcmple
    main.o(i.GetFreqStatus) refers to cfrcmple.o(.text) for __aeabi_cfrcmple
    main.o(i.GetMessageStatus) refers to bsp_485.o(i.get_rebuff) for get_rebuff
    main.o(i.GetMessageStatus) refers to main.o(.data) for flag_first
    main.o(i.GetQuencyValue) refers to elec_meter.o(i.MeterRead) for MeterRead
[...]
    Removing stm32f10x_spi.o(i.SPI_TransmitCRC), (10 bytes).
    Removing stm32f10x_tim.o(i.TI1_Config), (128 bytes).
    Removing stm32f10x_tim.o(i.TI2_Config), (152 bytes).
    Removing stm32f10x_tim.o(i.TI3_Config), (144 bytes).
    Removing stm32f10x_tim.o(i.TI4_Config), (152 bytes).
    Removing stm32f10x_tim.o(i.TIM_ARRPreloadConfig), (24 bytes).
    Removing stm32f10x_tim.o(i.TIM_BDTRConfig), (32 bytes).
    Removing stm32f10x_tim.o(i.TIM_BDTRStructInit), (18 bytes).
    Removing stm32f10x_tim.o(i.TIM_CCPreloadControl), (24 bytes).
    Removing stm32f10x_tim.o(i.TIM_CCxCmd), (30 bytes).
    Removing stm32f10x_tim.o(i.TIM_CCxNCmd), (30 bytes).
    Removing stm32f10x_tim.o(i.TIM_ClearFlag), (6 bytes).
    Removing stm32f10x_tim.o(i.TIM_ClearITPendingBit), (6 bytes).
    Removing stm32f10x_tim.o(i.TIM_ClearOC1Ref), (18 bytes).
    Removing stm32f10x_tim.o(i.TIM_ClearOC2Ref), (24 bytes).
    Removing stm32f10x_tim.o(i.TIM_ClearOC3Ref), (18 bytes).
    Removing stm32f10x_tim.o(i.TIM_ClearOC4Ref), (24 bytes).
    Removing stm32f10x_tim.o(i.TIM_CounterModeConfig), (18 bytes).
    Removing stm32f10x_tim.o(i.TIM_CtrlPWMOutputs), (30 bytes).
    Removing stm32f10x_tim.o(i.TIM_DMACmd), (18 bytes).
    Removing stm32f10x_tim.o(i.TIM_DMAConfig), (10 bytes).
    Removing stm32f10x_tim.o(i.TIM_DeInit), (488 bytes).
    Removing stm32f10x_tim.o(i.TIM_ETRClockMode1Config), (54 bytes).
    Removing stm32f10x_tim.o(i.TIM_ETRClockMode2Config), (32 bytes).
    Removing stm32f10x_tim.o(i.TIM_ETRConfig), (28 bytes).
    Removing stm32f10x_tim.o(i.TIM_EncoderInterfaceConfig), (66 bytes).
    Removing stm32f10x_tim.o(i.TIM_ForcedOC1Config), (18 bytes).
    Removing stm32f10x_tim.o(i.TIM_ForcedOC2Config), (26 bytes).
    Removing stm32f10x_tim.o(i.TIM_ForcedOC3Config), (18 bytes).
    Removing stm32f10x_tim.o(i.TIM_ForcedOC4Config), (26 bytes).
    Removing stm32f10x_tim.o(i.TIM_GenerateEvent), (4 bytes).
    Removing stm32f10x_tim.o(i.TIM_GetCapture1), (6 bytes).
    Removing stm32f10x_tim.o(i.TIM_GetCapture2), (6 bytes).
    Removing stm32f10x_tim.o(i.TIM_GetCapture3), (6 bytes).
    Removing stm32f10x_tim.o(i.TIM_GetCapture4), (8 bytes).
    Removing stm32f10x_tim.o(i.TIM_GetCounter), (6 bytes).
    Removing stm32f10x_tim.o(i.TIM_GetFlagStatus), (18 bytes).
    Removing stm32f10x_tim.o(i.TIM_GetITStatus), (34 bytes).
    Removing stm32f10x_tim.o(i.TIM_GetPrescaler), (6 bytes).
    Removing stm32f10x_tim.o(i.TIM_ICInit), (172 bytes).
    Removing stm32f10x_tim.o(i.TIM_ICStructInit), (18 bytes).
    Removing stm32f10x_tim.o(i.TIM_ITConfig), (18 bytes).
    Removing stm32f10x_tim.o(i.TIM_ITRxExternalClockConfig), (24 bytes).
    Removing stm32f10x_tim.o(i.TIM_InternalClockConfig), (12 bytes).
    Removing stm32f10x_tim.o(i.TIM_OC1FastConfig), (18 bytes).
    Removing stm32f10x_tim.o(i.TIM_OC1Init), (152 bytes).
    Removing stm32f10x_tim.o(i.TIM_OC1NPolarityConfig), (18 bytes).
    Removing stm32f10x_tim.o(i.TIM_OC1PolarityConfig), (18 bytes).
    Removing stm32f10x_tim.o(i.TIM_OC1PreloadConfig), (18 bytes).
    Removing stm32f10x_tim.o(i.TIM_OC2FastConfig), (26 bytes).
    Removing stm32f10x_tim.o(i.TIM_OC2NPolarityConfig), (26 bytes).
    Removing stm32f10x_tim.o(i.TIM_OC2PolarityConfig), (26 bytes).
    Removing stm32f10x_tim.o(i.TIM_OC3FastConfig), (18 bytes).
    Removing stm32f10x_tim.o(i.TIM_OC3Init), (160 bytes).
    Removing stm32f10x_tim.o(i.TIM_OC3NPolarityConfig), (26 bytes).
    Removing stm32f10x_tim.o(i.TIM_OC3PolarityConfig), (26 bytes).
    Removing stm32f10x_tim.o(i.TIM_OC3PreloadConfig), (18 bytes).
    Removing stm32f10x_tim.o(i.TIM_OC4FastConfig), (26 bytes).
    Removing stm32f10x_tim.o(i.TIM_OC4Init), (124 bytes).
    Removing stm32f10x_tim.o(i.TIM_OC4PolarityConfig), (26 bytes).
    Removing stm32f10x_tim.o(i.TIM_OC4PreloadConfig), (26 bytes).
    Removing stm32f10x_tim.o(i.TIM_OCStructInit), (20 bytes).
    Removing stm32f10x_tim.o(i.TIM_PWMIConfig), (124 bytes).
    Removing stm32f10x_tim.o(i.TIM_PrescalerConfig), (6 bytes).
    Removing stm32f10x_tim.o(i.TIM_SelectCCDMA), (24 bytes).
    Removing stm32f10x_tim.o(i.TIM_SelectCOM), (24 bytes).
    Removing stm32f10x_tim.o(i.TIM_SelectHallSensor), (24 bytes).
    Removing stm32f10x_tim.o(i.TIM_SelectInputTrigger), (18 bytes).
    Removing stm32f10x_tim.o(i.TIM_SelectMasterSlaveMode), (18 bytes).
    Removing stm32f10x_tim.o(i.TIM_SelectOCxM), (82 bytes).
    Removing stm32f10x_tim.o(i.TIM_SelectOnePulseMode), (18 bytes).
    Removing stm32f10x_tim.o(i.TIM_SelectOutputTrigger), (18 bytes).
    Removing stm32f10x_tim.o(i.TIM_SelectSlaveMode), (18 bytes).
    Removing stm32f10x_tim.o(i.TIM_SetAutoreload), (4 bytes).
    Removing stm32f10x_tim.o(i.TIM_SetClockDivision), (18 bytes).
    Removing stm32f10x_tim.o(i.TIM_SetCompare1), (4 bytes).
    Removing stm32f10x_tim.o(i.TIM_SetCompare2), (4 bytes).
    Removing stm32f10x_tim.o(i.TIM_SetCompare3), (4 bytes).
    Removing stm32f10x_tim.o(i.TIM_SetCompare4), (6 bytes).
    Removing stm32f10x_tim.o(i.TIM_SetCounter), (4 bytes).
    Removing stm32f10x_tim.o(i.TIM_SetIC1Prescaler), (18 bytes).
    Removing stm32f10x_tim.o(i.TIM_SetIC2Prescaler), (26 bytes).
    Removing stm32f10x_tim.o(i.TIM_SetIC3Prescaler), (18 bytes).
    Removing stm32f10x_tim.o(i.TIM_SetIC4Prescaler), (26 bytes).
    Removing stm32f10x_tim.o(i.TIM_TIxExternalClockConfig), (62 bytes).
    Removing stm32f10x_tim.o(i.TIM_TimeBaseStructInit), (18 bytes).
    Removing stm32f10x_tim.o(i.TIM_UpdateDisableConfig), (24 bytes).
    Removing stm32f10x_tim.o(i.TIM_UpdateRequestConfig), (24 bytes).
    Removing stm32f10x_usart.o(i.USART_ClearFlag), (18 bytes).
    Removing stm32f10x_usart.o(i.USART_ClockInit), (34 bytes).
    Removing stm32f10x_usart.o(i.USART_ClockStructInit), (12 bytes).
    Removing stm32f10x_usart.o(i.USART_DMACmd), (18 bytes).
    Removing stm32f10x_usart.o(i.USART_DeInit), (156 bytes).
    Removing stm32f10x_usart.o(i.USART_HalfDuplexCmd), (24 bytes).
    Removing stm32f10x_usart.o(i.USART_IrDACmd), (24 bytes).
    Removing stm32f10x_usart.o(i.USART_IrDAConfig), (18 bytes).
    Removing stm32f10x_usart.o(i.USART_LINBreakDetectLengthConfig), (18 bytes).
    Removing stm32f10x_usart.o(i.USART_LINCmd), (24 bytes).
    Removing stm32f10x_usart.o(i.USART_OneBitMethodCmd), (24 bytes).
    Removing stm32f10x_usart.o(i.USART_OverSampling8Cmd), (22 bytes).
    Removing stm32f10x_usart.o(i.USART_ReceiverWakeUpCmd), (24 bytes).
    Removing stm32f10x_usart.o(i.USART_SendBreak), (10 bytes).
    Removing stm32f10x_usart.o(i.USART_SetAddress), (18 bytes).
    Removing stm32f10x_usart.o(i.USART_SetGuardTime), (16 bytes).
    Removing stm32f10x_usart.o(i.USART_SetPrescaler), (16 bytes).
    Removing stm32f10x_usart.o(i.USART_SmartCardCmd), (24 bytes).
    Removing stm32f10x_usart.o(i.USART_SmartCardNACKCmd), (24 bytes).
    Removing stm32f10x_usart.o(i.USART_StructInit), (24 bytes).
    Removing stm32f10x_usart.o(i.USART_WakeUpConfig), (18 bytes).
    Removing stm32f10x_wwdg.o(i.WWDG_DeInit), (22 bytes).
    Removing stm32f10x_wwdg.o(i.WWDG_Enable), (16 bytes).
    Removing stm32f10x_wwdg.o(i.WWDG_EnableIT), (12 bytes).
    Removing stm32f10x_wwdg.o(i.WWDG_GetFlagStatus), (12 bytes).
    Removing stm32f10x_wwdg.o(i.WWDG_SetCounter), (16 bytes).
    Removing stm32f10x_wwdg.o(i.WWDG_SetPrescaler), (24 bytes).
    Removing stm32f10x_wwdg.o(i.WWDG_SetWindowValue), (40 bytes).
    Removing dfixul.o(.text), (48 bytes).

463 unused section(s) (total 18484 bytes) removed from the image.

==============================================================================

Image Symbol Table

    Local Symbols

    Symbol Name                              Value     Ov Type        Size  Object(Section)

    ../clib/microlib/division.c              0x00000000   Number         0  uldiv.o ABSOLUTE
    ../clib/microlib/division.c              0x00000000   Number         0  uidiv.o ABSOLUTE
    ../clib/microlib/init/entry.s            0x00000000   Number         0  entry10b.o ABSOLUTE
    ../clib/microlib/init/entry.s            0x00000000   Number         0  entry.o ABSOLUTE
    ../clib/microlib/init/entry.s            0x00000000   Number         0  entry10a.o ABSOLUTE
    ../clib/microlib/init/entry.s            0x00000000   Number         0  entry9b.o ABSOLUTE
    ../clib/microlib/init/entry.s            0x00000000   Number         0  entry7a.o ABSOLUTE
    ../clib/microlib/init/entry.s            0x00000000   Number         0  entry8a.o ABSOLUTE
    ../clib/microlib/init/entry.s            0x00000000   Number         0  entry9a.o ABSOLUTE
    ../clib/microlib/init/entry.s            0x00000000   Number         0  entry7b.o ABSOLUTE
    ../clib/microlib/init/entry.s            0x00000000   Number         0  entry8b.o ABSOLUTE
    ../clib/microlib/init/entry.s            0x00000000   Number         0  entry2.o ABSOLUTE
    ../clib/microlib/init/entry.s            0x00000000   Number         0  entry11b.o ABSOLUTE
    ../clib/microlib/init/entry.s            0x00000000   Number         0  entry5.o ABSOLUTE
    ../clib/microlib/init/entry.s            0x00000000   Number         0  entry11a.o ABSOLUTE
    ../clib/microlib/longlong.c              0x00000000   Number         0  llshl.o ABSOLUTE
    ../clib/microlib/longlong.c              0x00000000   Number         0  llushr.o ABSOLUTE
    ../clib/microlib/longlong.c              0x00000000   Number         0  llsshr.o ABSOLUTE
    ../clib/microlib/printf/printf.c         0x00000000   Number         0  printf0.o ABSOLUTE
    ../clib/microlib/printf/printf.c         0x00000000   Number         0  printf1.o ABSOLUTE
    ../clib/microlib/printf/printf.c         0x00000000   Number         0  printf2.o ABSOLUTE
    ../clib/microlib/printf/printf.c         0x00000000   Number         0  printf3.o ABSOLUTE
    ../clib/microlib/printf/printf.c         0x00000000   Number         0  printf4.o ABSOLUTE
    ../clib/microlib/printf/printf.c         0x00000000   Number         0  printf5.o ABSOLUTE
    ../clib/microlib/printf/printf.c         0x00000000   Number         0  printf6.o ABSOLUTE
    ../clib/microlib/printf/printf.c         0x00000000   Number         0  printf7.o ABSOLUTE
    ../clib/microlib/printf/printf.c         0x00000000   Number         0  printf8.o ABSOLUTE
    ../clib/microlib/printf/printf.c         0x00000000   Number         0  printfa.o ABSOLUTE
    ../clib/microlib/printf/printf.c         0x00000000   Number         0  printfb.o ABSOLUTE
    ../clib/microlib/printf/stubs.s          0x00000000   Number         0  stubs.o ABSOLUTE
    ../clib/microlib/stdio/streams.c         0x00000000   Number         0  stdout.o ABSOLUTE
    ../clib/microlib/string/memset.c         0x00000000   Number         0  memseta.o ABSOLUTE
    ../clib/microlib/string/strcpy.c         0x00000000   Number         0  strcpy.o ABSOLUTE
    ../clib/microlib/stubs.s                 0x00000000   Number         0  iusefp.o ABSOLUTE
    ../fplib/microlib/f2d.c                  0x00000000   Number         0  f2d.o ABSOLUTE
    ../fplib/microlib/fpadd.c                0x00000000   Number         0  dadd.o ABSOLUTE
    ../fplib/microlib/fpdiv.c                0x00000000   Number         0  ddiv.o ABSOLUTE
    ../fplib/microlib/fpdiv.c                0x00000000   Number         0  fdiv.o ABSOLUTE
    ../fplib/microlib/fpepilogue.c           0x00000000   Number         0  fepilogue.o ABSOLUTE
    ../fplib/microlib/fpepilogue.c           0x00000000   Number         0  depilogue.o ABSOLUTE
    ../fplib/microlib/fpfix.c                0x00000000   Number         0  dfixui.o ABSOLUTE
    ../fplib/microlib/fpfix.c                0x00000000   Number         0  dfixi.o ABSOLUTE
    ../fplib/microlib/fpfix.c                0x00000000   Number         0  ffixui.o ABSOLUTE
    ../fplib/microlib/fpfix.c                0x00000000   Number         0  ffixi.o ABSOLUTE
    ../fplib/microlib/fpfix.c                0x00000000   Number         0  dfixul.o ABSOLUTE
    ../fplib/microlib/fpflt.c                0x00000000   Number         0  dfltui.o ABSOLUTE
    ../fplib/microlib/fpflt.c                0x00000000   Number         0  dflti.o ABSOLUTE
    ../fplib/microlib/fpflt.c                0x00000000   Number         0  ffltui.o ABSOLUTE
    ../fplib/microlib/fpflt.c                0x00000000   Number         0  fflti.o ABSOLUTE
    ../fplib/microlib/fpmul.c                0x00000000   Number         0  dmul.o ABSOLUTE
    ../fplib/microlib/fpmul.c                0x00000000   Number         0  fmul.o ABSOLUTE
    ..\..\Libraries\CMSIS\core_cm3.c         0x00000000   Number         0  core_cm3.o ABSOLUTE
    ..\..\Libraries\CMSIS\startup\startup_stm32f10x_hd.s 0x00000000   Number         0  startup_stm32f10x_hd.o ABSOLUTE
    ..\..\Libraries\CMSIS\system_stm32f10x.c 0x00000000   Number         0  system_stm32f10x.o ABSOLUTE
    ..\..\Libraries\FWlib\src\misc.c         0x00000000   Number         0  misc.o ABSOLUTE
    ..\..\Libraries\FWlib\src\stm32f10x_adc.c 0x00000000   Number         0  stm32f10x_adc.o ABSOLUTE
    ..\..\Libraries\FWlib\src\stm32f10x_bkp.c 0x00000000   Number         0  stm32f10x_bkp.o ABSOLUTE
    ..\..\Libraries\FWlib\src\stm32f10x_can.c 0x00000000   Number         0  stm32f10x_can.o ABSOLUTE
    ..\..\Libraries\FWlib\src\stm32f10x_cec.c 0x00000000   Number         0  stm32f10x_cec.o ABSOLUTE
    ..\..\Libraries\FWlib\src\stm32f10x_crc.c 0x00000000   Number         0  stm32f10x_crc.o ABSOLUTE
    ..\..\Libraries\FWlib\src\stm32f10x_dac.c 0x00000000   Number         0  stm32f10x_dac.o ABSOLUTE
    ..\..\Libraries\FWlib\src\stm32f10x_dbgmcu.c 0x00000000   Number         0  stm32f10x_dbgmcu.o ABSOLUTE
    ..\..\Libraries\FWlib\src\stm32f10x_dma.c 0x00000000   Number         0  stm32f10x_dma.o ABSOLUTE
    ..\..\Libraries\FWlib\src\stm32f10x_exti.c 0x00000000   Number         0  stm32f10x_exti.o ABSOLUTE
    ..\..\Libraries\FWlib\src\stm32f10x_flash.c 0x00000000   Number         0  stm32f10x_flash.o ABSOLUTE
    ..\..\Libraries\FWlib\src\stm32f10x_fsmc.c 0x00000000   Number         0  stm32f10x_fsmc.o ABSOLUTE
    ..\..\Libraries\FWlib\src\stm32f10x_gpio.c 0x00000000   Number         0  stm32f10x_gpio.o ABSOLUTE
    ..\..\Libraries\FWlib\src\stm32f10x_i2c.c 0x00000000   Number         0  stm32f10x_i2c.o ABSOLUTE
    ..\..\Libraries\FWlib\src\stm32f10x_iwdg.c 0x00000000   Number         0  stm32f10x_iwdg.o ABSOLUTE
    ..\..\Libraries\FWlib\src\stm32f10x_pwr.c 0x00000000   Number         0  stm32f10x_pwr.o ABSOLUTE
    ..\..\Libraries\FWlib\src\stm32f10x_rcc.c 0x00000000   Number         0  stm32f10x_rcc.o ABSOLUTE
    ..\..\Libraries\FWlib\src\stm32f10x_rtc.c 0x00000000   Number         0  stm32f10x_rtc.o ABSOLUTE
    ..\..\Libraries\FWlib\src\stm32f10x_sdio.c 0x00000000   Number         0  stm32f10x_sdio.o ABSOLUTE
    ..\..\Libraries\FWlib\src\stm32f10x_spi.c 0x00000000   Number         0  stm32f10x_spi.o ABSOLUTE
    ..\..\Libraries\FWlib\src\stm32f10x_tim.c 0x00000000   Number         0  stm32f10x_tim.o ABSOLUTE
    ..\..\Libraries\FWlib\src\stm32f10x_usart.c 0x00000000   Number         0  stm32f10x_usart.o ABSOLUTE
    ..\..\Libraries\FWlib\src\stm32f10x_wwdg.c 0x00000000   Number         0  stm32f10x_wwdg.o ABSOLUTE
    ..\..\User\485\bsp_485.c                 0x00000000   Number         0  bsp_485.o ABSOLUTE
    ..\..\User\EXTI\bsp_exti.c               0x00000000   Number         0  bsp_exti.o ABSOLUTE
    ..\..\User\GeneralTim\bsp_GeneralTim.c   0x00000000   Number         0  bsp_generaltim.o ABSOLUTE
    ..\..\User\Led\bsp_led.c                 0x00000000   Number         0  bsp_led.o ABSOLUTE
    ..\..\User\SysTick\bsp_SysTick.c         0x00000000   Number         0  bsp_systick.o ABSOLUTE
    ..\..\User\b232\bsp_232.c                0x00000000   Number         0  bsp_232.o ABSOLUTE
    ..\..\User\dlt645_07\dlt645_07_api.c     0x00000000   Number         0  dlt645_07_api.o ABSOLUTE
    ..\..\User\internal_flash\bsp_internal_flash.c 0x00000000   Number         0  bsp_internal_flash.o ABSOLUTE
    ..\..\User\iwdg\bsp_iwdg.c               0x00000000   Number         0  bsp_iwdg.o ABSOLUTE
    ..\..\User\main.c                        0x00000000   Number         0  main.o ABSOLUTE
    ..\..\User\meter\elec_meter.c            0x00000000   Number         0  elec_meter.o ABSOLUTE
    ..\..\User\stm32f10x_it.c                0x00000000   Number         0  stm32f10x_it.o ABSOLUTE
    ..\..\User\usart\bsp_usart.c             0x00000000   Number         0  bsp_usart.o ABSOLUTE
    ..\..\User\wwdg\bsp_wwdg.c               0x00000000   Number         0  bsp_wwdg.o ABSOLUTE
    ..\\..\\Libraries\\CMSIS\\core_cm3.c     0x00000000   Number         0  core_cm3.o ABSOLUTE
    cdrcmple.s                               0x00000000   Number         0  cdrcmple.o ABSOLUTE
    cfcmple.s                                0x00000000   Number         0  cfcmple.o ABSOLUTE
    cfrcmple.s                               0x00000000   Number         0  cfrcmple.o ABSOLUTE
    dc.s                                     0x00000000   Number         0  dc.o ABSOLUTE
    handlers.s                               0x00000000   Number         0  handlers.o ABSOLUTE
    init.s                                   0x00000000   Number         0  init.o ABSOLUTE
    RESET                                    0x08004000   Section      304  startup_stm32f10x_hd.o(RESET)
    .ARM.Collect$$$$00000000                 0x08004130   Section        0  entry.o(.ARM.Collect$$$$00000000)
    .ARM.Collect$$$$00000001                 0x08004130   Section        4  entry2.o(.ARM.Collect$$$$00000001)
    .ARM.Collect$$$$00000004                 0x08004134   Section        4  entry5.o(.ARM.Collect$$$$00000004)
    .ARM.Collect$$$$00000008                 0x08004138   Section        0  entry7b.o(.ARM.Collect$$$$00000008)
    .ARM.Collect$$$$0000000A                 0x08004138   Section        0  entry8b.o(.ARM.Collect$$$$0000000A)
    .ARM.Collect$$$$0000000B                 0x08004138   Section        8  entry9a.o(.ARM.Collect$$$$0000000B)
    .ARM.Collect$$$$0000000D                 0x08004140   Section        0  entry10a.o(.ARM.Collect$$$$0000000D)
    .ARM.Collect$$$$0000000F                 0x08004140   Section        0  entry11a.o(.ARM.Collect$$$$0000000F)
    .ARM.Collect$$$$00002712                 0x08004140   Section        4  entry2.o(.ARM.Collect$$$$00002712)
    __lit__00000000                          0x08004140   Data           4  entry2.o(.ARM.Collect$$$$00002712)
    .text                                    0x08004144   Section       36  startup_stm32f10x_hd.o(.text)
    .text                                    0x08004168   Section        0  memseta.o(.text)
    .text                                    0x0800418c   Section        0  strcpy.o(.text)
    .text                                    0x0800419e   Section        0  fmul.o(.text)
    .text                                    0x08004202   Section        0  fdiv.o(.text)
    .text                                    0x0800427e   Section        0  dadd.o(.text)
    .text                                    0x080043cc   Section        0  dmul.o(.text)
    .text                                    0x080044b0   Section        0  ddiv.o(.text)
    .text                                    0x0800458e   Section        0  fflti.o(.text)
    .text                                    0x080045a0   Section        0  ffltui.o(.text)
    .text                                    0x080045aa   Section        0  dflti.o(.text)
    .text                                    0x080045cc   Section        0  dfltui.o(.text)
    .text                                    0x080045e6   Section        0  ffixi.o(.text)
    .text                                    0x08004618   Section        0  ffixui.o(.text)
    .text                                    0x08004640   Section        0  dfixi.o(.text)
    .text                                    0x0800467e   Section        0  dfixui.o(.text)
    .text                                    0x080046b0   Section        0  f2d.o(.text)
    .text                                    0x080046d8   Section       48  cdrcmple.o(.text)
    .text                                    0x08004708   Section       20  cfcmple.o(.text)
    .text                                    0x0800471c   Section       20  cfrcmple.o(.text)
    .text                                    0x08004730   Section        0  uidiv.o(.text)
    .text                                    0x0800475c   Section        0  llshl.o(.text)
    .text                                    0x0800477a   Section        0  llushr.o(.text)
    .text                                    0x0800479a   Section        0  llsshr.o(.text)
    .text                                    0x080047be   Section        0  iusefp.o(.text)
    .text                                    0x080047be   Section        0  fepilogue.o(.text)
    .text                                    0x0800482c   Section        0  depilogue.o(.text)
    .text                                    0x080048e8   Section       36  init.o(.text)
    i.BusFault_Handler                       0x0800490c   Section        0  stm32f10x_it.o(i.BusFault_Handler)
    i.ChargeCondition                        0x08004910   Section        0  main.o(i.ChargeCondition)
    i.CurrentMonitoringMethod                0x08004938   Section        0  main.o(i.CurrentMonitoringMethod)
    i.DebugMon_Handler                       0x08004a30   Section        0  stm32f10x_it.o(i.DebugMon_Handler)
    i.Delay                                  0x08004a32   Section        0  bsp_485.o(i.Delay)
    Delay                                    0x08004a33   Thumb Code    18  bsp_485.o(i.Delay)
    i.DelayMs                                0x08004a44   Section        0  main.o(i.DelayMs)
    i.DelayUs                                0x08004a56   Section        0  main.o(i.DelayUs)
    i.DisplayProcessing                      0x08004ae8   Section        0  main.o(i.DisplayProcessing)
    i.EXTI9_5_IRQHandler                     0x08004b48   Section        0  stm32f10x_it.o(i.EXTI9_5_IRQHandler)
    i.EXTI_ClearITPendingBit                 0x08004ba4   Section        0  stm32f10x_exti.o(i.EXTI_ClearITPendingBit)
    i.EXTI_GetITStatus                       0x08004bb0   Section        0  stm32f10x_exti.o(i.EXTI_GetITStatus)
    i.EXTI_Init                              0x08004bd8   Section        0  stm32f10x_exti.o(i.EXTI_Init)
    i.EXTI_Key_Config                        0x08004c6c   Section        0  bsp_exti.o(i.EXTI_Key_Config)
    i.ExceptionHanding                       0x08004cb8   Section        0  main.o(i.ExceptionHanding)
    i.FLASH_ClearFlag                        0x08004cd4   Section        0  stm32f10x_flash.o(i.FLASH_ClearFlag)
    i.FLASH_ErasePage                        0x08004ce0   Section        0  stm32f10x_flash.o(i.FLASH_ErasePage)
    i.FLASH_GetBank1Status                   0x08004d2c   Section        0  stm32f10x_flash.o(i.FLASH_GetBank1Status)
    i.FLASH_Lock                             0x08004d60   Section        0  stm32f10x_flash.o(i.FLASH_Lock)
    i.FLASH_ProgramWord                      0x08004d74   Section        0  stm32f10x_flash.o(i.FLASH_ProgramWord)
    i.FLASH_Unlock                           0x08004de0   Section        0  stm32f10x_flash.o(i.FLASH_Unlock)
    i.FLASH_WaitForLastOperation             0x08004df8   Section        0  stm32f10x_flash.o(i.FLASH_WaitForLastOperation)
    i.GPIO_EXTILineConfig                    0x08004e20   Section        0  stm32f10x_gpio.o(i.GPIO_EXTILineConfig)
    i.GPIO_Init                              0x08004e60   Section        0  stm32f10x_gpio.o(i.GPIO_Init)
    i.GPIO_PinRemapConfig                    0x08004f78   Section        0  stm32f10x_gpio.o(i.GPIO_PinRemapConfig)
    i.GPIO_ReadInputDataBit                  0x08005008   Section        0  stm32f10x_gpio.o(i.GPIO_ReadInputDataBit)
    i.GPIO_ResetBits                         0x0800501a   Section        0  stm32f10x_gpio.o(i.GPIO_ResetBits)
    i.GPIO_SetBits                           0x0800501e   Section        0  stm32f10x_gpio.o(i.GPIO_SetBits)
    i.GetCpStatusFiltering                   0x08005024   Section        0  main.o(i.GetCpStatusFiltering)
    i.GetCurrentValue                        0x080050b4   Section        0  main.o(i.GetCurrentValue)
    i.GetFreqStatus                          0x08005108   Section        0  main.o(i.GetFreqStatus)
    i.GetMessageStatus                       0x08005154   Section        0  main.o(i.GetMessageStatus)
    i.GetQuencyValue                         0x080051ec   Section        0  main.o(i.GetQuencyValue)
    i.GetScramStatues                        0x08005210   Section        0  main.o(i.GetScramStatues)
    i.GetSetting                             0x08005238   Section        0  bsp_internal_flash.o(i.GetSetting)
    i.GetSystemStatus                        0x08005254   Section        0  main.o(i.GetSystemStatus)
    i.GetVolStatus                           0x0800529c   Section        0  main.o(i.GetVolStatus)
    i.GetVoltageValue                        0x080052d2   Section        0  main.o(i.GetVoltageValue)
    i.GpioConfig                             0x08005300   Section        0  main.o(i.GpioConfig)
    i.HardFault_Handler                      0x08005428   Section        0  stm32f10x_it.o(i.HardFault_Handler)
    i.MemManage_Handler                      0x0800542c   Section        0  stm32f10x_it.o(i.MemManage_Handler)
    i.MeterRead                              0x08005430   Section        0  elec_meter.o(i.MeterRead)
    i.MeterWrite                             0x0800548c   Section        0  elec_meter.o(i.MeterWrite)
    i.NMI_Handler                            0x080054e4   Section        0  stm32f10x_it.o(i.NMI_Handler)
    i.NVIC_Configuration                     0x080054e6   Section        0  bsp_485.o(i.NVIC_Configuration)
    NVIC_Configuration                       0x080054e7   Thumb Code    38  bsp_485.o(i.NVIC_Configuration)
    i.NVIC_Configuration                     0x0800550c   Section        0  bsp_exti.o(i.NVIC_Configuration)
    NVIC_Configuration                       0x0800550d   Thumb Code    38  bsp_exti.o(i.NVIC_Configuration)
    i.NVIC_Init                              0x08005534   Section        0  misc.o(i.NVIC_Init)
    i.NVIC_PriorityGroupConfig               0x080055a4   Section        0  misc.o(i.NVIC_PriorityGroupConfig)
    i.PendSV_Handler                         0x080055b8   Section        0  stm32f10x_it.o(i.PendSV_Handler)
    i.PerformTimedTask                       0x080055ba   Section        0  main.o(i.PerformTimedTask)
    i.PwmConfig                              0x08005600   Section        0  main.o(i.PwmConfig)
    i.PwmCtrl                                0x08005690   Section        0  main.o(i.PwmCtrl)
    i.PwmRatio                               0x080056b0   Section        0  main.o(i.PwmRatio)
    i.RCC_APB1PeriphClockCmd                 0x0800570c   Section        0  stm32f10x_rcc.o(i.RCC_APB1PeriphClockCmd)
    i.RCC_APB2PeriphClockCmd                 0x0800572c   Section        0  stm32f10x_rcc.o(i.RCC_APB2PeriphClockCmd)
    i.RCC_GetClocksFreq                      0x0800574c   Section        0  stm32f10x_rcc.o(i.RCC_GetClocksFreq)
    i.RS485_Config                           0x08005820   Section        0  bsp_485.o(i.RS485_Config)
    i.RS485_SendByte                         0x080058ac   Section        0  bsp_485.o(i.RS485_SendByte)
    i.RS485_SendStr_length                   0x080058cc   Section        0  bsp_485.o(i.RS485_SendStr_length)
    i.SPI_Cmd                                0x080058ee   Section        0  stm32f10x_spi.o(i.SPI_Cmd)
    i.SPI_I2S_GetFlagStatus                  0x08005906   Section        0  stm32f10x_spi.o(i.SPI_I2S_GetFlagStatus)
    i.SPI_I2S_ReceiveData                    0x08005918   Section        0  stm32f10x_spi.o(i.SPI_I2S_ReceiveData)
    i.SPI_I2S_SendData                       0x0800591e   Section        0  stm32f10x_spi.o(i.SPI_I2S_SendData)
    i.SPI_Init                               0x08005922   Section        0  stm32f10x_spi.o(i.SPI_Init)
    i.SPI_METER_Init                         0x08005960   Section        0  elec_meter.o(i.SPI_METER_Init)
    i.SPI_METER_SendByte                     0x08005a24   Section        0  elec_meter.o(i.SPI_METER_SendByte)
    i.SPI_TIMEOUT_UserCallback               0x08005a9c   Section        0  elec_meter.o(i.SPI_TIMEOUT_UserCallback)
    SPI_TIMEOUT_UserCallback                 0x08005a9d   Thumb Code    16  elec_meter.o(i.SPI_TIMEOUT_UserCallback)
    i.SPI_WRPROTECT1_OPEN                    0x08005ac8   Section        0  elec_meter.o(i.SPI_WRPROTECT1_OPEN)
    i.SPI_WRPROTECT2_OPEN                    0x08005afc   Section        0  elec_meter.o(i.SPI_WRPROTECT2_OPEN)
    i.SPI_WRPROTECT_OPEN                     0x08005b30   Section        0  elec_meter.o(i.SPI_WRPROTECT_OPEN)
    i.SVC_Handler                            0x08005b48   Section        0  stm32f10x_it.o(i.SVC_Handler)
    i.SetAcContactor                         0x08005b4c   Section        0  main.o(i.SetAcContactor)
    i.SetSysClock                            0x08005b6c   Section        0  system_stm32f10x.o(i.SetSysClock)
    SetSysClock                              0x08005b6d   Thumb Code     8  system_stm32f10x.o(i.SetSysClock)
    i.SetSysClockTo72                        0x08005b74   Section        0  system_stm32f10x.o(i.SetSysClockTo72)
    SetSysClockTo72                          0x08005b75   Thumb Code   214  system_stm32f10x.o(i.SetSysClockTo72)
    i.SoftReset                              0x08005c54   Section        0  main.o(i.SoftReset)
    i.StartCharging                          0x08005c84   Section        0  main.o(i.StartCharging)
    i.StopChargeCondition                    0x08005cba   Section        0  main.o(i.StopChargeCondition)
    i.StopCharging                           0x08005cec   Section        0  main.o(i.StopCharging)
    i.SysInit                                0x08005d48   Section        0  main.o(i.SysInit)
    i.SysTick_Handler                        0x08005f08   Section        0  stm32f10x_it.o(i.SysTick_Handler)
    i.SysTick_Init                           0x08005f18   Section        0  bsp_systick.o(i.SysTick_Init)
    i.SystemInit                             0x08005f80   Section        0  system_stm32f10x.o(i.SystemInit)
    i.TIM_Cmd                                0x08005fe0   Section        0  stm32f10x_tim.o(i.TIM_Cmd)
    i.TIM_OC2Init                            0x08005ff8   Section        0  stm32f10x_tim.o(i.TIM_OC2Init)
    i.TIM_OC2PreloadConfig                   0x0800609c   Section        0  stm32f10x_tim.o(i.TIM_OC2PreloadConfig)
    i.TIM_TimeBaseInit                       0x080060b8   Section        0  stm32f10x_tim.o(i.TIM_TimeBaseInit)
    i.TimConfig                              0x0800615c   Section        0  main.o(i.TimConfig)
    i.USART1_IRQHandler                      0x08006164   Section        0  stm32f10x_it.o(i.USART1_IRQHandler)
    i.USART2_IRQHandler                      0x08006188   Section        0  stm32f10x_it.o(i.USART2_IRQHandler)
    i.USART_ClearITPendingBit                0x08006190   Section        0  stm32f10x_usart.o(i.USART_ClearITPendingBit)
    i.USART_Cmd                              0x080061ae   Section        0  stm32f10x_usart.o(i.USART_Cmd)
    i.USART_Config                           0x080061c8   Section        0  bsp_usart.o(i.USART_Config)
    i.USART_GetFlagStatus                    0x08006248   Section        0  stm32f10x_usart.o(i.USART_GetFlagStatus)
    i.USART_GetITStatus                      0x08006262   Section        0  stm32f10x_usart.o(i.USART_GetITStatus)
    i.USART_ITConfig                         0x080062b6   Section        0  stm32f10x_usart.o(i.USART_ITConfig)
    i.USART_Init                             0x08006300   Section        0  stm32f10x_usart.o(i.USART_Init)
    i.USART_ReceiveData                      0x080063d8   Section        0  stm32f10x_usart.o(i.USART_ReceiveData)
    i.USART_SendData                         0x080063e2   Section        0  stm32f10x_usart.o(i.USART_SendData)
    i.UpdateSettingList                      0x080063ea   Section        0  bsp_internal_flash.o(i.UpdateSettingList)
    i.UsageFault_Handler                     0x08006410   Section        0  stm32f10x_it.o(i.UsageFault_Handler)
    i.WWDG_ClearFlag                         0x08006414   Section        0  stm32f10x_wwdg.o(i.WWDG_ClearFlag)
    i.WWDG_IRQHandler                        0x08006420   Section        0  stm32f10x_it.o(i.WWDG_IRQHandler)
    i.WaitDrawGun                            0x08006448   Section        0  main.o(i.WaitDrawGun)
    i.WaitErrorsEnd                          0x0800648c   Section        0  main.o(i.WaitErrorsEnd)
    i.WorkingStateChange                     0x080064a8   Section        0  main.o(i.WorkingStateChange)
    i.__0printf$1                            0x080064ec   Section        0  printf1.o(i.__0printf$1)
    i.__scatterload_copy                     0x0800650c   Section       14  handlers.o(i.__scatterload_copy)
    i.__scatterload_null                     0x0800651a   Section        2  handlers.o(i.__scatterload_null)
    i.__scatterload_zeroinit                 0x0800651c   Section       14  handlers.o(i.__scatterload_zeroinit)
    i._printf_core                           0x0800652c   Section        0  printf1.o(i._printf_core)
    _printf_core                             0x0800652d   Thumb Code   336  printf1.o(i._printf_core)
    i.bsp_RS485_IRQHandler                   0x08006680   Section        0  bsp_485.o(i.bsp_RS485_IRQHandler)
    i.clean_rebuff                           0x080066d4   Section        0  bsp_485.o(i.clean_rebuff)
    i.cmpStr                                 0x080066fc   Section        0  main.o(i.cmpStr)
    i.communication                          0x0800671c   Section        0  main.o(i.communication)
    i.errorsVolCurFreqHandle                 0x080067a8   Section        0  main.o(i.errorsVolCurFreqHandle)
    i.fputc                                  0x080067c0   Section        0  bsp_usart.o(i.fputc)
    i.get_d07_first_valid_frame              0x080067e4   Section        0  dlt645_07_api.o(i.get_d07_first_valid_frame)
    i.get_rebuff                             0x08006894   Section        0  bsp_485.o(i.get_rebuff)
    i.listen                                 0x080068a8   Section        0  main.o(i.listen)
    i.main                                   0x08006dc8   Section        0  main.o(i.main)
    i.pack_d07_frame_by_data                 0x08006e04   Section        0  dlt645_07_api.o(i.pack_d07_frame_by_data)
    i.power2percent                          0x08006e7e   Section        0  main.o(i.power2percent)
    i.readFlashByte                          0x08006e90   Section        0  bsp_internal_flash.o(i.readFlashByte)
    i.readWorkingMode                        0x08006ebc   Section        0  bsp_internal_flash.o(i.readWorkingMode)
    i.setCurrent                             0x08006ed0   Section        0  main.o(i.setCurrent)
    i.setPercent                             0x08006f5c   Section        0  main.o(i.setPercent)
    i.task1                                  0x08006f88   Section        0  main.o(i.task1)
    i.task2                                  0x08006f8a   Section        0  main.o(i.task2)
    i.task3                                  0x08006fa0   Section        0  main.o(i.task3)
    i.task4                                  0x08006fac   Section        0  main.o(i.task4)
    i.time_proc                              0x08006fb4   Section        0  main.o(i.time_proc)
    i.unpack_d07_frame                       0x08006fd8   Section        0  dlt645_07_api.o(i.unpack_d07_frame)
    i.writeBaudRate                          0x080070b6   Section        0  bsp_internal_flash.o(i.writeBaudRate)
    i.writeFlashByte                         0x080070c8   Section        0  bsp_internal_flash.o(i.writeFlashByte)
    i.writeIAPAddress                        0x08007178   Section        0  bsp_internal_flash.o(i.writeIAPAddress)
    i.writeIAPUpgradeFlag                    0x08007188   Section        0  bsp_internal_flash.o(i.writeIAPUpgradeFlag)
    i.writeWorkingMode                       0x0800719a   Section        0  bsp_internal_flash.o(i.writeWorkingMode)
    .data                                    0x20000000   Section       20  system_stm32f10x.o(.data)
    .data                                    0x20000014   Section       77  main.o(.data)
    oldLength                                0x20000058   Data           2  main.o(.data)
    flag_first                               0x2000005a   Data           1  main.o(.data)
    oldPercent                               0x2000005c   Data           4  main.o(.data)
    waitflag                                 0x20000060   Data           1  main.o(.data)
    .data                                    0x20000064   Section        8  stm32f10x_it.o(.data)
    .data                                    0x2000006c   Section        4  elec_meter.o(.data)
    SPITimeout                               0x2000006c   Data           4  elec_meter.o(.data)
    .data                                    0x20000070   Section        2  bsp_485.o(.data)
    .data                                    0x20000072   Section       20  stm32f10x_rcc.o(.data)
    APBAHBPrescTable                         0x20000072   Data          16  stm32f10x_rcc.o(.data)
    ADCPrescTable                            0x20000082   Data           4  stm32f10x_rcc.o(.data)
    .data                                    0x20000088   Section        4  stdout.o(.data)
    .bss                                     0x2000008c   Section     1024  bsp_485.o(.bss)
    STACK                                    0x20000490   Section     1024  startup_stm32f10x_hd.o(STACK)

    Global Symbols

    Symbol Name                              Value     Ov Type        Size  Object(Section)

    BuildAttributes$$THM_ISAv4$P$D$K$B$S$PE$A:L22UL41UL21$X:L11$S22US41US21$IEEE1$IW$USESV6$~STKCKD$USESV7$~SHL$OTIME$ROPI$EBA8$MICROLIB$REQ8$PRES8$EABIv2 0x00000000   Number         0  anon$$obj.o ABSOLUTE
    __ARM_use_no_argv                        0x00000000   Number         0  main.o ABSOLUTE
    _printf_a                                0x00000000   Number         0  stubs.o ABSOLUTE
    _printf_c                                0x00000000   Number         0  stubs.o ABSOLUTE
    _printf_charcount                        0x00000000   Number         0  stubs.o ABSOLUTE
    _printf_d                                0x00000000   Number         0  stubs.o ABSOLUTE
    _printf_e                                0x00000000   Number         0  stubs.o ABSOLUTE
    _printf_f                                0x00000000   Number         0  stubs.o ABSOLUTE
    _printf_flags                            0x00000000   Number         0  stubs.o ABSOLUTE
    _printf_fp_dec                           0x00000000   Number         0  stubs.o ABSOLUTE
    _printf_fp_hex                           0x00000000   Number         0  stubs.o ABSOLUTE
    _printf_g                                0x00000000   Number         0  stubs.o ABSOLUTE
    _printf_i                                0x00000000   Number         0  stubs.o ABSOLUTE
    _printf_int_dec                          0x00000000   Number         0  stubs.o ABSOLUTE
    _printf_l                                0x00000000   Number         0  stubs.o ABSOLUTE
    _printf_lc                               0x00000000   Number         0  stubs.o ABSOLUTE
    _printf_ll                               0x00000000   Number         0  stubs.o ABSOLUTE
    _printf_lld                              0x00000000   Number         0  stubs.o ABSOLUTE
    _printf_lli                              0x00000000   Number         0  stubs.o ABSOLUTE
    _printf_llo                              0x00000000   Number         0  stubs.o ABSOLUTE
    _printf_llu                              0x00000000   Number         0  stubs.o ABSOLUTE
    _printf_llx                              0x00000000   Number         0  stubs.o ABSOLUTE
    _printf_longlong_dec                     0x00000000   Number         0  stubs.o ABSOLUTE
    _printf_longlong_hex                     0x00000000   Number         0  stubs.o ABSOLUTE
    _printf_longlong_oct                     0x00000000   Number         0  stubs.o ABSOLUTE
    _printf_ls                               0x00000000   Number         0  stubs.o ABSOLUTE
    _printf_mbtowc                           0x00000000   Number         0  stubs.o ABSOLUTE
    _printf_n                                0x00000000   Number         0  stubs.o ABSOLUTE
    _printf_o                                0x00000000   Number         0  stubs.o ABSOLUTE
    _printf_p                                0x00000000   Number         0  stubs.o ABSOLUTE
    _printf_percent                          0x00000000   Number         0  stubs.o ABSOLUTE
    _printf_pre_padding                      0x00000000   Number         0  stubs.o ABSOLUTE
    _printf_return_value                     0x00000000   Number         0  stubs.o ABSOLUTE
    _printf_s                                0x00000000   Number         0  stubs.o ABSOLUTE
    _printf_sizespec                         0x00000000   Number         0  stubs.o ABSOLUTE
    _printf_str                              0x00000000   Number         0  stubs.o ABSOLUTE
    _printf_truncate_signed                  0x00000000   Number         0  stubs.o ABSOLUTE
    _printf_truncate_unsigned                0x00000000   Number         0  stubs.o ABSOLUTE
    _printf_u                                0x00000000   Number         0  stubs.o ABSOLUTE
    _printf_wc                               0x00000000   Number         0  stubs.o ABSOLUTE
    _printf_wctomb                           0x00000000   Number         0  stubs.o ABSOLUTE
    _printf_widthprec                        0x00000000   Number         0  stubs.o ABSOLUTE
    _printf_x                                0x00000000   Number         0  stubs.o ABSOLUTE
    __cpp_initialize__aeabi_                  - Undefined Weak Reference
    __cxa_finalize                            - Undefined Weak Reference
    __decompress                              - Undefined Weak Reference
    _clock_init                               - Undefined Weak Reference
    _microlib_exit                            - Undefined Weak Reference
    __Vectors_Size                           0x00000130   Number         0  startup_stm32f10x_hd.o ABSOLUTE
    __Vectors                                0x08004000   Data           4  startup_stm32f10x_hd.o(RESET)
    __Vectors_End                            0x08004130   Data           0  startup_stm32f10x_hd.o(RESET)
    __main                                   0x08004131   Thumb Code     0  entry.o(.ARM.Collect$$$$00000000)
    _main_stk                                0x08004131   Thumb Code     0  entry2.o(.ARM.Collect$$$$00000001)
    _main_scatterload                        0x08004135   Thumb Code     0  entry5.o(.ARM.Collect$$$$00000004)
    __main_after_scatterload                 0x08004139   Thumb Code     0  entry5.o(.ARM.Collect$$$$00000004)
    _main_clock                              0x08004139   Thumb Code     0  entry7b.o(.ARM.Collect$$$$00000008)
    _main_cpp_init                           0x08004139   Thumb Code     0  entry8b.o(.ARM.Collect$$$$0000000A)
    _main_init                               0x08004139   Thumb Code     0  entry9a.o(.ARM.Collect$$$$0000000B)
    __rt_final_cpp                           0x08004141   Thumb Code     0  entry10a.o(.ARM.Collect$$$$0000000D)
    __rt_final_exit                          0x08004141   Thumb Code     0  entry11a.o(.ARM.Collect$$$$0000000F)
    Reset_Handler                            0x08004145   Thumb Code     8  startup_stm32f10x_hd.o(.text)
    ADC1_2_IRQHandler                        0x0800415f   Thumb Code     0  startup_stm32f10x_hd.o(.text)
    ADC3_IRQHandler                          0x0800415f   Thumb Code     0  startup_stm32f10x_hd.o(.text)
    CAN1_RX1_IRQHandler                      0x0800415f   Thumb Code     0  startup_stm32f10x_hd.o(.text)
    CAN1_SCE_IRQHandler                      0x0800415f   Thumb Code     0  startup_stm32f10x_hd.o(.text)
    DMA1_Channel1_IRQHandler                 0x0800415f   Thumb Code     0  startup_stm32f10x_hd.o(.text)
    DMA1_Channel2_IRQHandler                 0x0800415f   Thumb Code     0  startup_stm32f10x_hd.o(.text)
    DMA1_Channel3_IRQHandler                 0x0800415f   Thumb Code     0  startup_stm32f10x_hd.o(.text)
    DMA1_Channel4_IRQHandler                 0x0800415f   Thumb Code     0  startup_stm32f10x_hd.o(.text)
    DMA1_Channel5_IRQHandler                 0x0800415f   Thumb Code     0  startup_stm32f10x_hd.o(.text)
    DMA1_Channel6_IRQHandler                 0x0800415f   Thumb Code     0  startup_stm32f10x_hd.o(.text)
    DMA1_Channel7_IRQHandler                 0x0800415f   Thumb Code     0  startup_stm32f10x_hd.o(.text)
    DMA2_Channel1_IRQHandler                 0x0800415f   Thumb Code     0  startup_stm32f10x_hd.o(.text)
    DMA2_Channel2_IRQHandler                 0x0800415f   Thumb Code     0  startup_stm32f10x_hd.o(.text)
    DMA2_Channel3_IRQHandler                 0x0800415f   Thumb Code     0  startup_stm32f10x_hd.o(.text)
    DMA2_Channel4_5_IRQHandler               0x0800415f   Thumb Code     0  startup_stm32f10x_hd.o(.text)
    EXTI0_IRQHandler                         0x0800415f   Thumb Code     0  startup_stm32f10x_hd.o(.text)
    EXTI15_10_IRQHandler                     0x0800415f   Thumb Code     0  startup_stm32f10x_hd.o(.text)
    EXTI1_IRQHandler                         0x0800415f   Thumb Code     0  startup_stm32f10x_hd.o(.text)
    EXTI2_IRQHandler                         0x0800415f   Thumb Code     0  startup_stm32f10x_hd.o(.text)
    EXTI3_IRQHandler                         0x0800415f   Thumb Code     0  startup_stm32f10x_hd.o(.text)
    EXTI4_IRQHandler                         0x0800415f   Thumb Code     0  startup_stm32f10x_hd.o(.text)
    FLASH_IRQHandler                         0x0800415f   Thumb Code     0  startup_stm32f10x_hd.o(.text)
    FSMC_IRQHandler                          0x0800415f   Thumb Code     0  startup_stm32f10x_hd.o(.text)
    I2C1_ER_IRQHandler                       0x0800415f   Thumb Code     0  startup_stm32f10x_hd.o(.text)
    I2C1_EV_IRQHandler                       0x0800415f   Thumb Code     0  startup_stm32f10x_hd.o(.text)
    I2C2_ER_IRQHandler                       0x0800415f   Thumb Code     0  startup_stm32f10x_hd.o(.text)
    I2C2_EV_IRQHandler                       0x0800415f   Thumb Code     0  startup_stm32f10x_hd.o(.text)
    PVD_IRQHandler                           0x0800415f   Thumb Code     0  startup_stm32f10x_hd.o(.text)
    RCC_IRQHandler                           0x0800415f   Thumb Code     0  startup_stm32f10x_hd.o(.text)
    RTCAlarm_IRQHandler                      0x0800415f   Thumb Code     0  startup_stm32f10x_hd.o(.text)
    RTC_IRQHandler                           0x0800415f   Thumb Code     0  startup_stm32f10x_hd.o(.text)
    SDIO_IRQHandler                          0x0800415f   Thumb Code     0  startup_stm32f10x_hd.o(.text)
    SPI1_IRQHandler                          0x0800415f   Thumb Code     0  startup_stm32f10x_hd.o(.text)
    SPI2_IRQHandler                          0x0800415f   Thumb Code     0  startup_stm32f10x_hd.o(.text)
    SPI3_IRQHandler                          0x0800415f   Thumb Code     0  startup_stm32f10x_hd.o(.text)
    TAMPER_IRQHandler                        0x0800415f   Thumb Code     0  startup_stm32f10x_hd.o(.text)
    TIM1_BRK_IRQHandler                      0x0800415f   Thumb Code     0  startup_stm32f10x_hd.o(.text)
    TIM1_CC_IRQHandler                       0x0800415f   Thumb Code     0  startup_stm32f10x_hd.o(.text)
    TIM1_TRG_COM_IRQHandler                  0x0800415f   Thumb Code     0  startup_stm32f10x_hd.o(.text)
    TIM1_UP_IRQHandler                       0x0800415f   Thumb Code     0  startup_stm32f10x_hd.o(.text)
    TIM2_IRQHandler                          0x0800415f   Thumb Code     0  startup_stm32f10x_hd.o(.text)
    TIM3_IRQHandler                          0x0800415f   Thumb Code     0  startup_stm32f10x_hd.o(.text)
    TIM4_IRQHandler                          0x0800415f   Thumb Code     0  startup_stm32f10x_hd.o(.text)
    TIM5_IRQHandler                          0x0800415f   Thumb Code     0  startup_stm32f10x_hd.o(.text)
    TIM6_IRQHandler                          0x0800415f   Thumb Code     0  startup_stm32f10x_hd.o(.text)
    TIM7_IRQHandler                          0x0800415f   Thumb Code     0  startup_stm32f10x_hd.o(.text)
    TIM8_BRK_IRQHandler                      0x0800415f   Thumb Code     0  startup_stm32f10x_hd.o(.text)
    TIM8_CC_IRQHandler                       0x0800415f   Thumb Code     0  startup_stm32f10x_hd.o(.text)
    TIM8_TRG_COM_IRQHandler                  0x0800415f   Thumb Code     0  startup_stm32f10x_hd.o(.text)
    TIM8_UP_IRQHandler                       0x0800415f   Thumb Code     0  startup_stm32f10x_hd.o(.text)
    UART4_IRQHandler                         0x0800415f   Thumb Code     0  startup_stm32f10x_hd.o(.text)
    UART5_IRQHandler                         0x0800415f   Thumb Code     0  startup_stm32f10x_hd.o(.text)
    USART3_IRQHandler                        0x0800415f   Thumb Code     0  startup_stm32f10x_hd.o(.text)
    USBWakeUp_IRQHandler                     0x0800415f   Thumb Code     0  startup_stm32f10x_hd.o(.text)
    USB_HP_CAN1_TX_IRQHandler                0x0800415f   Thumb Code     0  startup_stm32f10x_hd.o(.text)
    USB_LP_CAN1_RX0_IRQHandler               0x0800415f   Thumb Code     0  startup_stm32f10x_hd.o(.text)
    __aeabi_memset                           0x08004169   Thumb Code    14  memseta.o(.text)
    __aeabi_memset4                          0x08004169   Thumb Code     0  memseta.o(.text)
    __aeabi_memset8                          0x08004169   Thumb Code     0  memseta.o(.text)
    __aeabi_memclr                           0x08004177   Thumb Code     4  memseta.o(.text)
    __aeabi_memclr4                          0x08004177   Thumb Code     0  memseta.o(.text)
    __aeabi_memclr8                          0x08004177   Thumb Code     0  memseta.o(.text)
    _memset$wrapper                          0x0800417b   Thumb Code    18  memseta.o(.text)
    strcpy                                   0x0800418d   Thumb Code    18  strcpy.o(.text)
    __aeabi_fmul                             0x0800419f   Thumb Code   100  fmul.o(.text)
    __aeabi_fdiv                             0x08004203   Thumb Code   124  fdiv.o(.text)
    __aeabi_dadd                             0x0800427f   Thumb Code   322  dadd.o(.text)
    __aeabi_dsub                             0x080043c1   Thumb Code     6  dadd.o(.text)
    __aeabi_drsub                            0x080043c7   Thumb Code     6  dadd.o(.text)
    __aeabi_dmul                             0x080043cd   Thumb Code   228  dmul.o(.text)
    __aeabi_ddiv                             0x080044b1   Thumb Code   222  ddiv.o(.text)
    __aeabi_i2f                              0x0800458f   Thumb Code    18  fflti.o(.text)
    __aeabi_ui2f                             0x080045a1   Thumb Code    10  ffltui.o(.text)
    __aeabi_i2d                              0x080045ab   Thumb Code    34  dflti.o(.text)
    __aeabi_ui2d                             0x080045cd   Thumb Code    26  dfltui.o(.text)
    __aeabi_f2iz                             0x080045e7   Thumb Code    50  ffixi.o(.text)
    __aeabi_f2uiz                            0x08004619   Thumb Code    40  ffixui.o(.text)
    __aeabi_d2iz                             0x08004641   Thumb Code    62  dfixi.o(.text)
    __aeabi_d2uiz                            0x0800467f   Thumb Code    50  dfixui.o(.text)
    __aeabi_f2d                              0x080046b1   Thumb Code    38  f2d.o(.text)
    __aeabi_cdrcmple                         0x080046d9   Thumb Code    48  cdrcmple.o(.text)
    __aeabi_cfcmpeq                          0x08004709   Thumb Code     0  cfcmple.o(.text)
    __aeabi_cfcmple                          0x08004709   Thumb Code    20  cfcmple.o(.text)
    __aeabi_cfrcmple                         0x0800471d   Thumb Code    20  cfrcmple.o(.text)
    __aeabi_uidiv                            0x08004731   Thumb Code     0  uidiv.o(.text)
    __aeabi_uidivmod                         0x08004731   Thumb Code    44  uidiv.o(.text)
    __aeabi_llsl                             0x0800475d   Thumb Code    30  llshl.o(.text)
    _ll_shift_l                              0x0800475d   Thumb Code     0  llshl.o(.text)
    __aeabi_llsr                             0x0800477b   Thumb Code    32  llushr.o(.text)
    _ll_ushift_r                             0x0800477b   Thumb Code     0  llushr.o(.text)
    __aeabi_lasr                             0x0800479b   Thumb Code    36  llsshr.o(.text)
    _ll_sshift_r                             0x0800479b   Thumb Code     0  llsshr.o(.text)
    __I$use$fp                               0x080047bf   Thumb Code     0  iusefp.o(.text)
    _float_round                             0x080047bf   Thumb Code    18  fepilogue.o(.text)
    _float_epilogue                          0x080047d1   Thumb Code    92  fepilogue.o(.text)
    _double_round                            0x0800482d   Thumb Code    30  depilogue.o(.text)
    _double_epilogue                         0x0800484b   Thumb Code   156  depilogue.o(.text)
    __scatterload                            0x080048e9   Thumb Code    28  init.o(.text)
    __scatterload_rt2                        0x080048e9   Thumb Code     0  init.o(.text)
    BusFault_Handler                         0x0800490d   Thumb Code     4  stm32f10x_it.o(i.BusFault_Handler)
    ChargeCondition                          0x08004911   Thumb Code    40  main.o(i.ChargeCondition)
    CurrentMonitoringMethod                  0x08004939   Thumb Code   236  main.o(i.CurrentMonitoringMethod)
    DebugMon_Handler                         0x08004a31   Thumb Code     2  stm32f10x_it.o(i.DebugMon_Handler)
    DelayMs                                  0x08004a45   Thumb Code    18  main.o(i.DelayMs)
    DelayUs                                  0x08004a57   Thumb Code   144  main.o(i.DelayUs)
    DisplayProcessing                        0x08004ae9   Thumb Code    90  main.o(i.DisplayProcessing)
    EXTI9_5_IRQHandler                       0x08004b49   Thumb Code    58  stm32f10x_it.o(i.EXTI9_5_IRQHandler)
    EXTI_ClearITPendingBit                   0x08004ba5   Thumb Code     6  stm32f10x_exti.o(i.EXTI_ClearITPendingBit)
    EXTI_GetITStatus                         0x08004bb1   Thumb Code    34  stm32f10x_exti.o(i.EXTI_GetITStatus)
    EXTI_Init                                0x08004bd9   Thumb Code   142  stm32f10x_exti.o(i.EXTI_Init)
    EXTI_Key_Config                          0x08004c6d   Thumb Code    72  bsp_exti.o(i.EXTI_Key_Config)
    ExceptionHanding                         0x08004cb9   Thumb Code    28  main.o(i.ExceptionHanding)
    FLASH_ClearFlag                          0x08004cd5   Thumb Code     6  stm32f10x_flash.o(i.FLASH_ClearFlag)
    FLASH_ErasePage                          0x08004ce1   Thumb Code    72  stm32f10x_flash.o(i.FLASH_ErasePage)
    FLASH_GetBank1Status                     0x08004d2d   Thumb Code    48  stm32f10x_flash.o(i.FLASH_GetBank1Status)
    FLASH_Lock                               0x08004d61   Thumb Code    14  stm32f10x_flash.o(i.FLASH_Lock)
    FLASH_ProgramWord                        0x08004d75   Thumb Code   102  stm32f10x_flash.o(i.FLASH_ProgramWord)
    FLASH_Unlock                             0x08004de1   Thumb Code    12  stm32f10x_flash.o(i.FLASH_Unlock)
    FLASH_WaitForLastOperation               0x08004df9   Thumb Code    38  stm32f10x_flash.o(i.FLASH_WaitForLastOperation)
    GPIO_EXTILineConfig                      0x08004e21   Thumb Code    60  stm32f10x_gpio.o(i.GPIO_EXTILineConfig)
    GPIO_Init                                0x08004e61   Thumb Code   278  stm32f10x_gpio.o(i.GPIO_Init)
    GPIO_PinRemapConfig                      0x08004f79   Thumb Code   138  stm32f10x_gpio.o(i.GPIO_PinRemapConfig)
    GPIO_ReadInputDataBit                    0x08005009   Thumb Code    18  stm32f10x_gpio.o(i.GPIO_ReadInputDataBit)
    GPIO_ResetBits                           0x0800501b   Thumb Code     4  stm32f10x_gpio.o(i.GPIO_ResetBits)
    GPIO_SetBits                             0x0800501f   Thumb Code     4  stm32f10x_gpio.o(i.GPIO_SetBits)
    GetCpStatusFiltering                     0x08005025   Thumb Code   134  main.o(i.GetCpStatusFiltering)
    GetCurrentValue                          0x080050b5   Thumb Code    76  main.o(i.GetCurrentValue)
    GetFreqStatus                            0x08005109   Thumb Code    74  main.o(i.GetFreqStatus)
    GetMessageStatus                         0x08005155   Thumb Code   138  main.o(i.GetMessageStatus)
    GetQuencyValue                           0x080051ed   Thumb Code    32  main.o(i.GetQuencyValue)
    GetScramStatues                          0x08005211   Thumb Code    36  main.o(i.GetScramStatues)
    GetSetting                               0x08005239   Thumb Code    26  bsp_internal_flash.o(i.GetSetting)
    GetSystemStatus                          0x08005255   Thumb Code    68  main.o(i.GetSystemStatus)
    GetVolStatus                             0x0800529d   Thumb Code    54  main.o(i.GetVolStatus)
    GetVoltageValue                          0x080052d3   Thumb Code    44  main.o(i.GetVoltageValue)
    GpioConfig                               0x08005301   Thumb Code   284  main.o(i.GpioConfig)
    HardFault_Handler                        0x08005429   Thumb Code     4  stm32f10x_it.o(i.HardFault_Handler)
    MemManage_Handler                        0x0800542d   Thumb Code     4  stm32f10x_it.o(i.MemManage_Handler)
    MeterRead                                0x08005431   Thumb Code    86  elec_meter.o(i.MeterRead)
    MeterWrite                               0x0800548d   Thumb Code    84  elec_meter.o(i.MeterWrite)
    NMI_Handler                              0x080054e5   Thumb Code     2  stm32f10x_it.o(i.NMI_Handler)
    NVIC_Init                                0x08005535   Thumb Code   100  misc.o(i.NVIC_Init)
    NVIC_PriorityGroupConfig                 0x080055a5   Thumb Code    10  misc.o(i.NVIC_PriorityGroupConfig)
    PendSV_Handler                           0x080055b9   Thumb Code     2  stm32f10x_it.o(i.PendSV_Handler)
    PerformTimedTask                         0x080055bb   Thumb Code    70  main.o(i.PerformTimedTask)
    PwmConfig                                0x08005601   Thumb Code   134  main.o(i.PwmConfig)
    PwmCtrl                                  0x08005691   Thumb Code    26  main.o(i.PwmCtrl)
    PwmRatio                                 0x080056b1   Thumb Code    86  main.o(i.PwmRatio)
    RCC_APB1PeriphClockCmd                   0x0800570d   Thumb Code    26  stm32f10x_rcc.o(i.RCC_APB1PeriphClockCmd)
    RCC_APB2PeriphClockCmd                   0x0800572d   Thumb Code    26  stm32f10x_rcc.o(i.RCC_APB2PeriphClockCmd)
    RCC_GetClocksFreq                        0x0800574d   Thumb Code   192  stm32f10x_rcc.o(i.RCC_GetClocksFreq)
    RS485_Config                             0x08005821   Thumb Code   130  bsp_485.o(i.RS485_Config)
    RS485_SendByte                           0x080058ad   Thumb Code    28  bsp_485.o(i.RS485_SendByte)
    RS485_SendStr_length                     0x080058cd   Thumb Code    34  bsp_485.o(i.RS485_SendStr_length)
    SPI_Cmd                                  0x080058ef   Thumb Code    24  stm32f10x_spi.o(i.SPI_Cmd)
    SPI_I2S_GetFlagStatus                    0x08005907   Thumb Code    18  stm32f10x_spi.o(i.SPI_I2S_GetFlagStatus)
    SPI_I2S_ReceiveData                      0x08005919   Thumb Code     6  stm32f10x_spi.o(i.SPI_I2S_ReceiveData)
    SPI_I2S_SendData                         0x0800591f   Thumb Code     4  stm32f10x_spi.o(i.SPI_I2S_SendData)
    SPI_Init                                 0x08005923   Thumb Code    60  stm32f10x_spi.o(i.SPI_Init)
    SPI_METER_Init                           0x08005961   Thumb Code   188  elec_meter.o(i.SPI_METER_Init)
    SPI_METER_SendByte                       0x08005a25   Thumb Code   110  elec_meter.o(i.SPI_METER_SendByte)
    SPI_WRPROTECT1_OPEN                      0x08005ac9   Thumb Code    48  elec_meter.o(i.SPI_WRPROTECT1_OPEN)
    SPI_WRPROTECT2_OPEN                      0x08005afd   Thumb Code    48  elec_meter.o(i.SPI_WRPROTECT2_OPEN)
    SPI_WRPROTECT_OPEN                       0x08005b31   Thumb Code    24  elec_meter.o(i.SPI_WRPROTECT_OPEN)
    SVC_Handler                              0x08005b49   Thumb Code     2  stm32f10x_it.o(i.SVC_Handler)
    SetAcContactor                           0x08005b4d   Thumb Code    26  main.o(i.SetAcContactor)
    SoftReset                                0x08005c55   Thumb Code    38  main.o(i.SoftReset)
    StartCharging                            0x08005c85   Thumb Code    54  main.o(i.StartCharging)
    StopChargeCondition                      0x08005cbb   Thumb Code    48  main.o(i.StopChargeCondition)
    StopCharging                             0x08005ced   Thumb Code    88  main.o(i.StopCharging)
    SysInit                                  0x08005d49   Thumb Code   410  main.o(i.SysInit)
    SysTick_Handler                          0x08005f09   Thumb Code    12  stm32f10x_it.o(i.SysTick_Handler)
    SysTick_Init                             0x08005f19   Thumb Code    92  bsp_systick.o(i.SysTick_Init)
    SystemInit                               0x08005f81   Thumb Code    78  system_stm32f10x.o(i.SystemInit)
    TIM_Cmd                                  0x08005fe1   Thumb Code    24  stm32f10x_tim.o(i.TIM_Cmd)
    TIM_OC2Init                              0x08005ff9   Thumb Code   154  stm32f10x_tim.o(i.TIM_OC2Init)
    TIM_OC2PreloadConfig                     0x0800609d   Thumb Code    26  stm32f10x_tim.o(i.TIM_OC2PreloadConfig)
    TIM_TimeBaseInit                         0x080060b9   Thumb Code   122  stm32f10x_tim.o(i.TIM_TimeBaseInit)
    TimConfig                                0x0800615d   Thumb Code     8  main.o(i.TimConfig)
    USART1_IRQHandler                        0x08006165   Thumb Code    32  stm32f10x_it.o(i.USART1_IRQHandler)
    USART2_IRQHandler                        0x08006189   Thumb Code     8  stm32f10x_it.o(i.USART2_IRQHandler)
    USART_ClearITPendingBit                  0x08006191   Thumb Code    30  stm32f10x_usart.o(i.USART_ClearITPendingBit)
    USART_Cmd                                0x080061af   Thumb Code    24  stm32f10x_usart.o(i.USART_Cmd)
    USART_Config                             0x080061c9   Thumb Code   120  bsp_usart.o(i.USART_Config)
    USART_GetFlagStatus                      0x08006249   Thumb Code    26  stm32f10x_usart.o(i.USART_GetFlagStatus)
    USART_GetITStatus                        0x08006263   Thumb Code    84  stm32f10x_usart.o(i.USART_GetITStatus)
    USART_ITConfig                           0x080062b7   Thumb Code    74  stm32f10x_usart.o(i.USART_ITConfig)
    USART_Init                               0x08006301   Thumb Code   210  stm32f10x_usart.o(i.USART_Init)
    USART_ReceiveData                        0x080063d9   Thumb Code    10  stm32f10x_usart.o(i.USART_ReceiveData)
    USART_SendData                           0x080063e3   Thumb Code     8  stm32f10x_usart.o(i.USART_SendData)
    UpdateSettingList                        0x080063eb   Thumb Code    38  bsp_internal_flash.o(i.UpdateSettingList)
    UsageFault_Handler                       0x08006411   Thumb Code     4  stm32f10x_it.o(i.UsageFault_Handler)
    WWDG_ClearFlag                           0x08006415   Thumb Code     8  stm32f10x_wwdg.o(i.WWDG_ClearFlag)
    WWDG_IRQHandler                          0x08006421   Thumb Code    14  stm32f10x_it.o(i.WWDG_IRQHandler)
    WaitDrawGun                              0x08006449   Thumb Code    62  main.o(i.WaitDrawGun)
    WaitErrorsEnd                            0x0800648d   Thumb Code    24  main.o(i.WaitErrorsEnd)
    WorkingStateChange                       0x080064a9   Thumb Code    66  main.o(i.WorkingStateChange)
    __0printf$1                              0x080064ed   Thumb Code    22  printf1.o(i.__0printf$1)
    __1printf$1                              0x080064ed   Thumb Code     0  printf1.o(i.__0printf$1)
    __2printf                                0x080064ed   Thumb Code     0  printf1.o(i.__0printf$1)
    __scatterload_copy                       0x0800650d   Thumb Code    14  handlers.o(i.__scatterload_copy)
    __scatterload_null                       0x0800651b   Thumb Code     2  handlers.o(i.__scatterload_null)
    __scatterload_zeroinit                   0x0800651d   Thumb Code    14  handlers.o(i.__scatterload_zeroinit)
    bsp_RS485_IRQHandler                     0x08006681   Thumb Code    72  bsp_485.o(i.bsp_RS485_IRQHandler)
    clean_rebuff                             0x080066d5   Thumb Code    30  bsp_485.o(i.clean_rebuff)
    cmpStr                                   0x080066fd   Thumb Code    32  main.o(i.cmpStr)
    communication                            0x0800671d   Thumb Code    86  main.o(i.communication)
    errorsVolCurFreqHandle                   0x080067a9   Thumb Code    18  main.o(i.errorsVolCurFreqHandle)
    fputc                                    0x080067c1   Thumb Code    32  bsp_usart.o(i.fputc)
    get_d07_first_valid_frame                0x080067e5   Thumb Code   176  dlt645_07_api.o(i.get_d07_first_valid_frame)
    get_rebuff                               0x08006895   Thumb Code    12  bsp_485.o(i.get_rebuff)
    listen                                   0x080068a9   Thumb Code  1156  main.o(i.listen)
    main                                     0x08006dc9   Thumb Code    50  main.o(i.main)
    pack_d07_frame_by_data                   0x08006e05   Thumb Code   122  dlt645_07_api.o(i.pack_d07_frame_by_data)
    power2percent                            0x08006e7f   Thumb Code    18  main.o(i.power2percent)
    readFlashByte                            0x08006e91   Thumb Code    40  bsp_internal_flash.o(i.readFlashByte)
    readWorkingMode                          0x08006ebd   Thumb Code    14  bsp_internal_flash.o(i.readWorkingMode)
    setCurrent                               0x08006ed1   Thumb Code   122  main.o(i.setCurrent)
    setPercent                               0x08006f5d   Thumb Code    38  main.o(i.setPercent)
    task1                                    0x08006f89   Thumb Code     2  main.o(i.task1)
    task2                                    0x08006f8b   Thumb Code    22  main.o(i.task2)
    task3                                    0x08006fa1   Thumb Code    12  main.o(i.task3)
    task4                                    0x08006fad   Thumb Code     8  main.o(i.task4)
    time_proc                                0x08006fb5   Thumb Code    30  main.o(i.time_proc)
    unpack_d07_frame                         0x08006fd9   Thumb Code   222  dlt645_07_api.o(i.unpack_d07_frame)
    writeBaudRate                            0x080070b7   Thumb Code    18  bsp_internal_flash.o(i.writeBaudRate)
    writeFlashByte                           0x080070c9   Thumb Code   172  bsp_internal_flash.o(i.writeFlashByte)
    writeIAPAddress                          0x08007179   Thumb Code    16  bsp_internal_flash.o(i.writeIAPAddress)
    writeIAPUpgradeFlag                      0x08007189   Thumb Code    18  bsp_internal_flash.o(i.writeIAPUpgradeFlag)
    writeWorkingMode                         0x0800719b   Thumb Code    18  bsp_internal_flash.o(i.writeWorkingMode)
    Region$$Table$$Base                      0x080071ac   Number         0  anon$$obj.o(Region$$Table)
    Region$$Table$$Limit                     0x080071cc   Number         0  anon$$obj.o(Region$$Table)
    SystemCoreClock                          0x20000000   Data           4  system_stm32f10x.o(.data)
    AHBPrescTable                            0x20000004   Data          16  system_stm32f10x.o(.data)
    pRatio                                   0x20000014   Data           4  main.o(.data)
    timed_task                               0x20000018   Data          64  main.o(.data)
    scramStatusFlag                          0x20000064   Data           1  stm32f10x_it.o(.data)
    timeRecord                               0x20000068   Data           4  stm32f10x_it.o(.data)
    uart_p                                   0x20000070   Data           2  bsp_485.o(.data)
    __stdout                                 0x20000088   Data           4  stdout.o(.data)
    uart_buff                                0x2000008c   Data        1024  bsp_485.o(.bss)
    __initial_sp                             0x20000890   Data           0  startup_stm32f10x_hd.o(STACK)



==============================================================================

Memory Map of the image

  Image Entry point : 0x08004131

  Load Region LR_IROM1 (Base: 0x08004000, Size: 0x00003258, Max: 0x00006000, ABSOLUTE)

    Execution Region ER_IROM1 (Base: 0x08004000, Size: 0x000031cc, Max: 0x00006000, ABSOLUTE)

    Base Addr    Size         Type   Attr      Idx    E Section Name        Object

    0x08004000   0x00000130   Data   RO            3    RESET               startup_stm32f10x_hd.o
    0x08004130   0x00000000   Code   RO         3950  * .ARM.Collect$$$$00000000  mc_w.l(entry.o)
    0x08004130   0x00000004   Code   RO         4252    .ARM.Collect$$$$00000001  mc_w.l(entry2.o)
    0x08004134   0x00000004   Code   RO         4255    .ARM.Collect$$$$00000004  mc_w.l(entry5.o)
    0x08004138   0x00000000   Code   RO         4257    .ARM.Collect$$$$00000008  mc_w.l(entry7b.o)
    0x08004138   0x00000000   Code   RO         4259    .ARM.Collect$$$$0000000A  mc_w.l(entry8b.o)
    0x08004138   0x00000008   Code   RO         4260    .ARM.Collect$$$$0000000B  mc_w.l(entry9a.o)
    0x08004140   0x00000000   Code   RO         4262    .ARM.Collect$$$$0000000D  mc_w.l(entry10a.o)
    0x08004140   0x00000000   Code   RO         4264    .ARM.Collect$$$$0000000F  mc_w.l(entry11a.o)
    0x08004140   0x00000004   Code   RO         4253    .ARM.Collect$$$$00002712  mc_w.l(entry2.o)
    0x08004144   0x00000024   Code   RO            4    .text               startup_stm32f10x_hd.o
    0x08004168   0x00000024   Code   RO         3953    .text               mc_w.l(memseta.o)
    0x0800418c   0x00000012   Code   RO         3955    .text               mc_w.l(strcpy.o)
    0x0800419e   0x00000064   Code   RO         4218    .text               mf_w.l(fmul.o)
    0x08004202   0x0000007c   Code   RO         4220    .text               mf_w.l(fdiv.o)
    0x0800427e   0x0000014e   Code   RO         4222    .text               mf_w.l(dadd.o)
    0x080043cc   0x000000e4   Code   RO         4224    .text               mf_w.l(dmul.o)
    0x080044b0   0x000000de   Code   RO         4226    .text               mf_w.l(ddiv.o)
    0x0800458e   0x00000012   Code   RO         4228    .text               mf_w.l(fflti.o)
    0x080045a0   0x0000000a   Code   RO         4230    .text               mf_w.l(ffltui.o)
    0x080045aa   0x00000022   Code   RO         4232    .text               mf_w.l(dflti.o)
    0x080045cc   0x0000001a   Code   RO         4234    .text               mf_w.l(dfltui.o)
    0x080045e6   0x00000032   Code   RO         4236    .text               mf_w.l(ffixi.o)
    0x08004618   0x00000028   Code   RO         4238    .text               mf_w.l(ffixui.o)
    0x08004640   0x0000003e   Code   RO         4240    .text               mf_w.l(dfixi.o)
    0x0800467e   0x00000032   Code   RO         4242    .text               mf_w.l(dfixui.o)
    0x080046b0   0x00000026   Code   RO         4244    .text               mf_w.l(f2d.o)
    0x080046d6   0x00000002   PAD
    0x080046d8   0x00000030   Code   RO         4246    .text               mf_w.l(cdrcmple.o)
    0x08004708   0x00000014   Code   RO         4248    .text               mf_w.l(cfcmple.o)
    0x0800471c   0x00000014   Code   RO         4250    .text               mf_w.l(cfrcmple.o)
    0x08004730   0x0000002c   Code   RO         4267    .text               mc_w.l(uidiv.o)
    0x0800475c   0x0000001e   Code   RO         4271    .text               mc_w.l(llshl.o)
    0x0800477a   0x00000020   Code   RO         4273    .text               mc_w.l(llushr.o)
    0x0800479a   0x00000024   Code   RO         4275    .text               mc_w.l(llsshr.o)
    0x080047be   0x00000000   Code   RO         4277    .text               mc_w.l(iusefp.o)
    0x080047be   0x0000006e   Code   RO         4278    .text               mf_w.l(fepilogue.o)
    0x0800482c   0x000000ba   Code   RO         4280    .text               mf_w.l(depilogue.o)
    0x080048e6   0x00000002   PAD
    0x080048e8   0x00000024   Code   RO         4284    .text               mc_w.l(init.o)
    0x0800490c   0x00000004   Code   RO          515    i.BusFault_Handler  stm32f10x_it.o
    0x08004910   0x00000028   Code   RO          172    i.ChargeCondition   main.o
    0x08004938   0x000000f8   Code   RO          173    i.CurrentMonitoringMethod  main.o
    0x08004a30   0x00000002   Code   RO          516    i.DebugMon_Handler  stm32f10x_it.o
    0x08004a32   0x00000012   Code   RO          762    i.Delay             bsp_485.o
    0x08004a44   0x00000012   Code   RO          174    i.DelayMs           main.o
    0x08004a56   0x00000090   Code   RO          175    i.DelayUs           main.o
    0x08004ae6   0x00000002   PAD
    0x08004ae8   0x00000060   Code   RO          176    i.DisplayProcessing  main.o
    0x08004b48   0x0000005c   Code   RO          517    i.EXTI9_5_IRQHandler  stm32f10x_it.o
    0x08004ba4   0x0000000c   Code   RO         1781    i.EXTI_ClearITPendingBit  stm32f10x_exti.o
    0x08004bb0   0x00000028   Code   RO         1785    i.EXTI_GetITStatus  stm32f10x_exti.o
    0x08004bd8   0x00000094   Code   RO         1786    i.EXTI_Init         stm32f10x_exti.o
    0x08004c6c   0x0000004c   Code   RO          836    i.EXTI_Key_Config   bsp_exti.o
    0x08004cb8   0x0000001c   Code   RO          177    i.ExceptionHanding  main.o
    0x08004cd4   0x0000000c   Code   RO         1834    i.FLASH_ClearFlag   stm32f10x_flash.o
    0x08004ce0   0x0000004c   Code   RO         1839    i.FLASH_ErasePage   stm32f10x_flash.o
    0x08004d2c   0x00000034   Code   RO         1840    i.FLASH_GetBank1Status  stm32f10x_flash.o
    0x08004d60   0x00000014   Code   RO         1849    i.FLASH_Lock        stm32f10x_flash.o
    0x08004d74   0x0000006c   Code   RO         1854    i.FLASH_ProgramWord  stm32f10x_flash.o
    0x08004de0   0x00000018   Code   RO         1857    i.FLASH_Unlock      stm32f10x_flash.o
    0x08004df8   0x00000026   Code   RO         1861    i.FLASH_WaitForLastOperation  stm32f10x_flash.o
    0x08004e1e   0x00000002   PAD
    0x08004e20   0x00000040   Code   RO         2131    i.GPIO_EXTILineConfig  stm32f10x_gpio.o
    0x08004e60   0x00000116   Code   RO         2134    i.GPIO_Init         stm32f10x_gpio.o
    0x08004f76   0x00000002   PAD
    0x08004f78   0x00000090   Code   RO         2136    i.GPIO_PinRemapConfig  stm32f10x_gpio.o
    0x08005008   0x00000012   Code   RO         2138    i.GPIO_ReadInputDataBit  stm32f10x_gpio.o
    0x0800501a   0x00000004   Code   RO         2141    i.GPIO_ResetBits    stm32f10x_gpio.o
    0x0800501e   0x00000004   Code   RO         2142    i.GPIO_SetBits      stm32f10x_gpio.o
    0x08005022   0x00000002   PAD
    0x08005024   0x00000090   Code   RO          180    i.GetCpStatusFiltering  main.o
    0x080050b4   0x00000054   Code   RO          181    i.GetCurrentValue   main.o
    0x08005108   0x0000004a   Code   RO          182    i.GetFreqStatus     main.o
    0x08005152   0x00000002   PAD
    0x08005154   0x00000098   Code   RO          183    i.GetMessageStatus  main.o
    0x080051ec   0x00000024   Code   RO          184    i.GetQuencyValue    main.o
    0x08005210   0x00000028   Code   RO          185    i.GetScramStatues   main.o
    0x08005238   0x0000001a   Code   RO          702    i.GetSetting        bsp_internal_flash.o
    0x08005252   0x00000002   PAD
    0x08005254   0x00000048   Code   RO          186    i.GetSystemStatus   main.o
    0x0800529c   0x00000036   Code   RO          187    i.GetVolStatus      main.o
    0x080052d2   0x0000002c   Code   RO          188    i.GetVoltageValue   main.o
    0x080052fe   0x00000002   PAD
    0x08005300   0x00000128   Code   RO          189    i.GpioConfig        main.o
    0x08005428   0x00000004   Code   RO          518    i.HardFault_Handler  stm32f10x_it.o
    0x0800542c   0x00000004   Code   RO          519    i.MemManage_Handler  stm32f10x_it.o
    0x08005430   0x0000005c   Code   RO          647    i.MeterRead         elec_meter.o
    0x0800548c   0x00000058   Code   RO          648    i.MeterWrite        elec_meter.o
    0x080054e4   0x00000002   Code   RO          520    i.NMI_Handler       stm32f10x_it.o
    0x080054e6   0x00000026   Code   RO          763    i.NVIC_Configuration  bsp_485.o
    0x0800550c   0x00000026   Code   RO          837    i.NVIC_Configuration  bsp_exti.o
    0x08005532   0x00000002   PAD
    0x08005534   0x00000070   Code   RO          983    i.NVIC_Init         misc.o
    0x080055a4   0x00000014   Code   RO          984    i.NVIC_PriorityGroupConfig  misc.o
    0x080055b8   0x00000002   Code   RO          521    i.PendSV_Handler    stm32f10x_it.o
    0x080055ba   0x00000046   Code   RO          190    i.PerformTimedTask  main.o
    0x08005600   0x00000090   Code   RO          191    i.PwmConfig         main.o
    0x08005690   0x00000020   Code   RO          192    i.PwmCtrl           main.o
    0x080056b0   0x0000005c   Code   RO          193    i.PwmRatio          main.o
    0x0800570c   0x00000020   Code   RO         2550    i.RCC_APB1PeriphClockCmd  stm32f10x_rcc.o
    0x0800572c   0x00000020   Code   RO         2552    i.RCC_APB2PeriphClockCmd  stm32f10x_rcc.o
    0x0800574c   0x000000d4   Code   RO         2560    i.RCC_GetClocksFreq  stm32f10x_rcc.o
    0x08005820   0x0000008c   Code   RO          764    i.RS485_Config      bsp_485.o
    0x080058ac   0x00000020   Code   RO          765    i.RS485_SendByte    bsp_485.o
    0x080058cc   0x00000022   Code   RO          766    i.RS485_SendStr_length  bsp_485.o
    0x080058ee   0x00000018   Code   RO         3029    i.SPI_Cmd           stm32f10x_spi.o
    0x08005906   0x00000012   Code   RO         3037    i.SPI_I2S_GetFlagStatus  stm32f10x_spi.o
    0x08005918   0x00000006   Code   RO         3040    i.SPI_I2S_ReceiveData  stm32f10x_spi.o
    0x0800591e   0x00000004   Code   RO         3041    i.SPI_I2S_SendData  stm32f10x_spi.o
    0x08005922   0x0000003c   Code   RO         3042    i.SPI_Init          stm32f10x_spi.o
    0x0800595e   0x00000002   PAD
    0x08005960   0x000000c4   Code   RO          649    i.SPI_METER_Init    elec_meter.o
    0x08005a24   0x00000078   Code   RO          650    i.SPI_METER_SendByte  elec_meter.o
    0x08005a9c   0x0000002c   Code   RO          651    i.SPI_TIMEOUT_UserCallback  elec_meter.o
    0x08005ac8   0x00000034   Code   RO          652    i.SPI_WRPROTECT1_OPEN  elec_meter.o
    0x08005afc   0x00000034   Code   RO          653    i.SPI_WRPROTECT2_OPEN  elec_meter.o
    0x08005b30   0x00000018   Code   RO          654    i.SPI_WRPROTECT_OPEN  elec_meter.o
    0x08005b48   0x00000002   Code   RO          523    i.SVC_Handler       stm32f10x_it.o
    0x08005b4a   0x00000002   PAD
    0x08005b4c   0x00000020   Code   RO          196    i.SetAcContactor    main.o
    0x08005b6c   0x00000008   Code   RO           24    i.SetSysClock       system_stm32f10x.o
    0x08005b74   0x000000e0   Code   RO           25    i.SetSysClockTo72   system_stm32f10x.o
    0x08005c54   0x00000030   Code   RO          198    i.SoftReset         main.o
    0x08005c84   0x00000036   Code   RO          199    i.StartCharging     main.o
    0x08005cba   0x00000030   Code   RO          200    i.StopChargeCondition  main.o
    0x08005cea   0x00000002   PAD
    0x08005cec   0x0000005c   Code   RO          201    i.StopCharging      main.o
    0x08005d48   0x000001c0   Code   RO          202    i.SysInit           main.o
    0x08005f08   0x00000010   Code   RO          524    i.SysTick_Handler   stm32f10x_it.o
    0x08005f18   0x00000068   Code   RO          897    i.SysTick_Init      bsp_systick.o
    0x08005f80   0x00000060   Code   RO           27    i.SystemInit        system_stm32f10x.o
    0x08005fe0   0x00000018   Code   RO         3184    i.TIM_Cmd           stm32f10x_tim.o
    0x08005ff8   0x000000a4   Code   RO         3218    i.TIM_OC2Init       stm32f10x_tim.o
    0x0800609c   0x0000001a   Code   RO         3221    i.TIM_OC2PreloadConfig  stm32f10x_tim.o
    0x080060b6   0x00000002   PAD
    0x080060b8   0x000000a4   Code   RO         3255    i.TIM_TimeBaseInit  stm32f10x_tim.o
    0x0800615c   0x00000008   Code   RO          203    i.TimConfig         main.o
    0x08006164   0x00000024   Code   RO          525    i.USART1_IRQHandler  stm32f10x_it.o
    0x08006188   0x00000008   Code   RO          526    i.USART2_IRQHandler  stm32f10x_it.o
    0x08006190   0x0000001e   Code   RO         3717    i.USART_ClearITPendingBit  stm32f10x_usart.o
    0x080061ae   0x00000018   Code   RO         3720    i.USART_Cmd         stm32f10x_usart.o
    0x080061c6   0x00000002   PAD
    0x080061c8   0x00000080   Code   RO          137    i.USART_Config      bsp_usart.o
    0x08006248   0x0000001a   Code   RO         3723    i.USART_GetFlagStatus  stm32f10x_usart.o
    0x08006262   0x00000054   Code   RO         3724    i.USART_GetITStatus  stm32f10x_usart.o
    0x080062b6   0x0000004a   Code   RO         3726    i.USART_ITConfig    stm32f10x_usart.o
    0x08006300   0x000000d8   Code   RO         3727    i.USART_Init        stm32f10x_usart.o
    0x080063d8   0x0000000a   Code   RO         3734    i.USART_ReceiveData  stm32f10x_usart.o
    0x080063e2   0x00000008   Code   RO         3737    i.USART_SendData    stm32f10x_usart.o
    0x080063ea   0x00000026   Code   RO          703    i.UpdateSettingList  bsp_internal_flash.o
    0x08006410   0x00000004   Code   RO          527    i.UsageFault_Handler  stm32f10x_it.o
    0x08006414   0x0000000c   Code   RO         3896    i.WWDG_ClearFlag    stm32f10x_wwdg.o
    0x08006420   0x00000028   Code   RO          528    i.WWDG_IRQHandler   stm32f10x_it.o
    0x08006448   0x00000044   Code   RO          204    i.WaitDrawGun       main.o
    0x0800648c   0x0000001c   Code   RO          205    i.WaitErrorsEnd     main.o
    0x080064a8   0x00000042   Code   RO          206    i.WorkingStateChange  main.o
    0x080064ea   0x00000002   PAD
    0x080064ec   0x00000020   Code   RO         4002    i.__0printf$1       mc_w.l(printf1.o)
    0x0800650c   0x0000000e   Code   RO         4288    i.__scatterload_copy  mc_w.l(handlers.o)
    0x0800651a   0x00000002   Code   RO         4289    i.__scatterload_null  mc_w.l(handlers.o)
    0x0800651c   0x0000000e   Code   RO         4290    i.__scatterload_zeroinit  mc_w.l(handlers.o)
    0x0800652a   0x00000002   PAD
    0x0800652c   0x00000154   Code   RO         4009    i._printf_core      mc_w.l(printf1.o)
    0x08006680   0x00000054   Code   RO          769    i.bsp_RS485_IRQHandler  bsp_485.o
    0x080066d4   0x00000028   Code   RO          770    i.clean_rebuff      bsp_485.o
    0x080066fc   0x00000020   Code   RO          207    i.cmpStr            main.o
    0x0800671c   0x0000008c   Code   RO          208    i.communication     main.o
    0x080067a8   0x00000018   Code   RO          209    i.errorsVolCurFreqHandle  main.o
    0x080067c0   0x00000024   Code   RO          139    i.fputc             bsp_usart.o
    0x080067e4   0x000000b0   Code   RO          918    i.get_d07_first_valid_frame  dlt645_07_api.o
    0x08006894   0x00000014   Code   RO          771    i.get_rebuff        bsp_485.o
    0x080068a8   0x00000520   Code   RO          211    i.listen            main.o
    0x08006dc8   0x0000003c   Code   RO          212    i.main              main.o
    0x08006e04   0x0000007a   Code   RO          919    i.pack_d07_frame_by_data  dlt645_07_api.o
    0x08006e7e   0x00000012   Code   RO          213    i.power2percent     main.o
    0x08006e90   0x0000002c   Code   RO          704    i.readFlashByte     bsp_internal_flash.o
    0x08006ebc   0x00000014   Code   RO          705    i.readWorkingMode   bsp_internal_flash.o
    0x08006ed0   0x0000008c   Code   RO          214    i.setCurrent        main.o
    0x08006f5c   0x0000002c   Code   RO          215    i.setPercent        main.o
    0x08006f88   0x00000002   Code   RO          216    i.task1             main.o
    0x08006f8a   0x00000016   Code   RO          217    i.task2             main.o
    0x08006fa0   0x0000000c   Code   RO          218    i.task3             main.o
    0x08006fac   0x00000008   Code   RO          219    i.task4             main.o
    0x08006fb4   0x00000024   Code   RO          220    i.time_proc         main.o
    0x08006fd8   0x000000de   Code   RO          920    i.unpack_d07_frame  dlt645_07_api.o
    0x080070b6   0x00000012   Code   RO          706    i.writeBaudRate     bsp_internal_flash.o
    0x080070c8   0x000000b0   Code   RO          707    i.writeFlashByte    bsp_internal_flash.o
    0x08007178   0x00000010   Code   RO          708    i.writeIAPAddress   bsp_internal_flash.o
    0x08007188   0x00000012   Code   RO          709    i.writeIAPUpgradeFlag  bsp_internal_flash.o
    0x0800719a   0x00000012   Code   RO          710    i.writeWorkingMode  bsp_internal_flash.o
    0x080071ac   0x00000020   Data   RO         4286    Region$$Table       anon$$obj.o


    Execution Region RW_IRAM1 (Base: 0x20000000, Size: 0x00000890, Max: 0x00005000, ABSOLUTE)

    Base Addr    Size         Type   Attr      Idx    E Section Name        Object

    0x20000000   0x00000014   Data   RW           28    .data               system_stm32f10x.o
    0x20000014   0x0000004d   Data   RW          221    .data               main.o
    0x20000061   0x00000003   PAD
    0x20000064   0x00000008   Data   RW          529    .data               stm32f10x_it.o
    0x2000006c   0x00000004   Data   RW          655    .data               elec_meter.o
    0x20000070   0x00000002   Data   RW          773    .data               bsp_485.o
    0x20000072   0x00000014   Data   RW         2580    .data               stm32f10x_rcc.o
    0x20000086   0x00000002   PAD
    0x20000088   0x00000004   Data   RW         4266    .data               mc_w.l(stdout.o)
    0x2000008c   0x00000400   Zero   RW          772    .bss                bsp_485.o
    0x2000048c   0x00000004   PAD
    0x20000490   0x00000400   Zero   RW            1    STACK               startup_stm32f10x_hd.o


==============================================================================

Image component sizes


      Code (inc. data)   RO Data    RW Data    ZI Data      Debug   Object Name

       406         44          0          2       1024       5593   bsp_485.o
       114          4          0          0          0       1182   bsp_exti.o
       374         14          0          0          0       7227   bsp_internal_flash.o
       104         12          0          0          0      15958   bsp_systick.o
       164         12          0          0          0       2559   bsp_usart.o
         0          0          0          0          0       4500   core_cm3.o
       520          0          0          0          0       4184   dlt645_07_api.o
       668         64          0          4          0       5960   elec_meter.o
      4650        434          0         77          0      49797   main.o
       132         22          0          0          0       1771   misc.o
        36          8        304          0       1024        916   startup_stm32f10x_hd.o
       200         18          0          0          0       2424   stm32f10x_exti.o
       330         38          0          0          0       6008   stm32f10x_flash.o
       512         10          0          0          0       5668   stm32f10x_gpio.o
       216         68          0          8          0       7658   stm32f10x_it.o
       276         32          0         20          0       4826   stm32f10x_rcc.o
       112          0          0          0          0       4306   stm32f10x_spi.o
       378         52          0          0          0       3450   stm32f10x_tim.o
       472          6          0          0          0       7515   stm32f10x_usart.o
        12          4          0          0          0        541   stm32f10x_wwdg.o
       328         28          0         20          0     265849   system_stm32f10x.o

    ----------------------------------------------------------------------
     10032        870        336        136       2052     407892   Object Totals
         0          0         32          0          0          0   (incl. Generated)
        28          0          0          5          4          0   (incl. Padding)

    ----------------------------------------------------------------------

      Code (inc. data)   RO Data    RW Data    ZI Data      Debug   Library Member Name

         0          0          0          0          0          0   entry.o
         0          0          0          0          0          0   entry10a.o
         0          0          0          0          0          0   entry11a.o
         8          4          0          0          0          0   entry2.o
         4          0          0          0          0          0   entry5.o
         0          0          0          0          0          0   entry7b.o
         0          0          0          0          0          0   entry8b.o
         8          4          0          0          0          0   entry9a.o
        30          0          0          0          0          0   handlers.o
        36          8          0          0          0         68   init.o
         0          0          0          0          0          0   iusefp.o
        30          0          0          0          0         68   llshl.o
        36          0          0          0          0         68   llsshr.o
        32          0          0          0          0         68   llushr.o
        36          0          0          0          0        108   memseta.o
       372         14          0          0          0        184   printf1.o
         0          0          0          4          0          0   stdout.o
        18          0          0          0          0         68   strcpy.o
        44          0          0          0          0         80   uidiv.o
        48          0          0          0          0         68   cdrcmple.o
        20          0          0          0          0         68   cfcmple.o
        20          0          0          0          0         68   cfrcmple.o
       334          0          0          0          0        148   dadd.o
       222          0          0          0          0        100   ddiv.o
       186          0          0          0          0        176   depilogue.o
        62          0          0          0          0         80   dfixi.o
        50          0          0          0          0         76   dfixui.o
        34          0          0          0          0         76   dflti.o
        26          0          0          0          0         76   dfltui.o
       228          0          0          0          0         96   dmul.o
        38          0          0          0          0         68   f2d.o
       124          0          0          0          0         88   fdiv.o
       110          0          0          0          0        168   fepilogue.o
        50          0          0          0          0         68   ffixi.o
        40          0          0          0          0         68   ffixui.o
        18          0          0          0          0         68   fflti.o
        10          0          0          0          0         68   ffltui.o
       100          0          0          0          0         76   fmul.o

    ----------------------------------------------------------------------
      2380         30          0          4          0       2416   Library Totals
         6          0          0          0          0          0   (incl. Padding)

    ----------------------------------------------------------------------

      Code (inc. data)   RO Data    RW Data    ZI Data      Debug   Library Name

       654         30          0          4          0        712   mc_w.l
      1720          0          0          0          0       1704   mf_w.l

    ----------------------------------------------------------------------
      2380         30          0          4          0       2416   Library Totals

    ----------------------------------------------------------------------

==============================================================================


      Code (inc. data)   RO Data    RW Data    ZI Data      Debug   

     12412        900        336        140       2052     402608   Grand Totals
     12412        900        336        140       2052     402608   ELF Image Totals
     12412        900        336        140          0          0   ROM Totals

==============================================================================

    Total RO  Size (Code + RO Data)                12748 (  12.45kB)
    Total RW  Size (RW Data + ZI Data)              2192 (   2.14kB)
    Total ROM Size (Code + RO Data + RW Data)      12888 (  12.59kB)

==============================================================================

